Archive member included because of file (symbol)

c:/winavr-20100110/bin/../lib/gcc/avr/4.3.3/../../../../avr/lib/avr51\libm.a(addsf3.o)
                              src/actuators.o (__subsf3)
c:/winavr-20100110/bin/../lib/gcc/avr/4.3.3/../../../../avr/lib/avr51\libm.a(addsf3x.o)
                              c:/winavr-20100110/bin/../lib/gcc/avr/4.3.3/../../../../avr/lib/avr51\libm.a(addsf3.o) (__addsf3x)
c:/winavr-20100110/bin/../lib/gcc/avr/4.3.3/../../../../avr/lib/avr51\libm.a(cmpsf2.o)
                              src/actuators.o (__ltsf2)
c:/winavr-20100110/bin/../lib/gcc/avr/4.3.3/../../../../avr/lib/avr51\libm.a(divsf3.o)
                              src/actuators.o (__divsf3)
c:/winavr-20100110/bin/../lib/gcc/avr/4.3.3/../../../../avr/lib/avr51\libm.a(divsf3x.o)
                              c:/winavr-20100110/bin/../lib/gcc/avr/4.3.3/../../../../avr/lib/avr51\libm.a(divsf3.o) (__divsf3x)
c:/winavr-20100110/bin/../lib/gcc/avr/4.3.3/../../../../avr/lib/avr51\libm.a(fixsfsi.o)
                              src/actuators.o (__fixsfsi)
c:/winavr-20100110/bin/../lib/gcc/avr/4.3.3/../../../../avr/lib/avr51\libm.a(fixunssfsi.o)
                              src/actuators.o (__fixunssfsi)
c:/winavr-20100110/bin/../lib/gcc/avr/4.3.3/../../../../avr/lib/avr51\libm.a(floatsisf.o)
                              src/actuators.o (__floatunsisf)
c:/winavr-20100110/bin/../lib/gcc/avr/4.3.3/../../../../avr/lib/avr51\libm.a(fp_cmp.o)
                              c:/winavr-20100110/bin/../lib/gcc/avr/4.3.3/../../../../avr/lib/avr51\libm.a(cmpsf2.o) (__fp_cmp)
c:/winavr-20100110/bin/../lib/gcc/avr/4.3.3/../../../../avr/lib/avr51\libm.a(fp_inf.o)
                              c:/winavr-20100110/bin/../lib/gcc/avr/4.3.3/../../../../avr/lib/avr51\libm.a(addsf3x.o) (__fp_inf)
c:/winavr-20100110/bin/../lib/gcc/avr/4.3.3/../../../../avr/lib/avr51\libm.a(fp_nan.o)
                              c:/winavr-20100110/bin/../lib/gcc/avr/4.3.3/../../../../avr/lib/avr51\libm.a(addsf3x.o) (__fp_nan)
c:/winavr-20100110/bin/../lib/gcc/avr/4.3.3/../../../../avr/lib/avr51\libm.a(fp_pscA.o)
                              c:/winavr-20100110/bin/../lib/gcc/avr/4.3.3/../../../../avr/lib/avr51\libm.a(addsf3x.o) (__fp_pscA)
c:/winavr-20100110/bin/../lib/gcc/avr/4.3.3/../../../../avr/lib/avr51\libm.a(fp_pscB.o)
                              c:/winavr-20100110/bin/../lib/gcc/avr/4.3.3/../../../../avr/lib/avr51\libm.a(addsf3x.o) (__fp_pscB)
c:/winavr-20100110/bin/../lib/gcc/avr/4.3.3/../../../../avr/lib/avr51\libm.a(fp_round.o)
                              c:/winavr-20100110/bin/../lib/gcc/avr/4.3.3/../../../../avr/lib/avr51\libm.a(addsf3.o) (__fp_round)
c:/winavr-20100110/bin/../lib/gcc/avr/4.3.3/../../../../avr/lib/avr51\libm.a(fp_split3.o)
                              c:/winavr-20100110/bin/../lib/gcc/avr/4.3.3/../../../../avr/lib/avr51\libm.a(addsf3x.o) (__fp_split3)
c:/winavr-20100110/bin/../lib/gcc/avr/4.3.3/../../../../avr/lib/avr51\libm.a(fp_zero.o)
                              c:/winavr-20100110/bin/../lib/gcc/avr/4.3.3/../../../../avr/lib/avr51\libm.a(addsf3x.o) (__fp_zero)
c:/winavr-20100110/bin/../lib/gcc/avr/4.3.3/../../../../avr/lib/avr51\libm.a(gesf2.o)
                              src/actuators.o (__gtsf2)
c:/winavr-20100110/bin/../lib/gcc/avr/4.3.3/../../../../avr/lib/avr51\libm.a(mulsf3.o)
                              src/actuators.o (__mulsf3)
c:/winavr-20100110/bin/../lib/gcc/avr/4.3.3/../../../../avr/lib/avr51\libm.a(mulsf3x.o)
                              c:/winavr-20100110/bin/../lib/gcc/avr/4.3.3/../../../../avr/lib/avr51\libm.a(mulsf3.o) (__mulsf3x)
c:/winavr-20100110/bin/../lib/gcc/avr/4.3.3/avr51\libgcc.a(_exit.o)
                              c:/winavr-20100110/bin/../lib/gcc/avr/4.3.3/../../../../avr/lib/avr51/crtcan128.o (exit)
c:/winavr-20100110/bin/../lib/gcc/avr/4.3.3/avr51\libgcc.a(_clear_bss.o)
                              main.o (__do_clear_bss)
c:/winavr-20100110/bin/../lib/gcc/avr/4.3.3/../../../../avr/lib/avr51\libc.a(calloc.o)
                              src/can.o (calloc)
c:/winavr-20100110/bin/../lib/gcc/avr/4.3.3/../../../../avr/lib/avr51\libc.a(malloc.o)
                              src/gpio.o (malloc)
c:/winavr-20100110/bin/../lib/gcc/avr/4.3.3/../../../../avr/lib/avr51\libc.a(memset.o)
                              c:/winavr-20100110/bin/../lib/gcc/avr/4.3.3/../../../../avr/lib/avr51\libc.a(calloc.o) (memset)

Allocating common symbols
Common symbol       size              file

restartCheck        0x1               main.o
active_state        0x2               main.o
__brkval            0x2               c:/winavr-20100110/bin/../lib/gcc/avr/4.3.3/../../../../avr/lib/avr51\libc.a(malloc.o)
__flp               0x2               c:/winavr-20100110/bin/../lib/gcc/avr/4.3.3/../../../../avr/lib/avr51\libc.a(malloc.o)
stateRobot          0x1               main.o

Discarded input sections

 .data          0x00000000        0x0 c:/winavr-20100110/bin/../lib/gcc/avr/4.3.3/../../../../avr/lib/avr51/crtcan128.o
 .bss           0x00000000        0x0 c:/winavr-20100110/bin/../lib/gcc/avr/4.3.3/../../../../avr/lib/avr51/crtcan128.o
 .text          0x00000000        0x0 main.o
 .data          0x00000000        0x0 main.o
 .bss           0x00000000        0x0 main.o
 .bss.beginning.1519
                0x00000000        0x0 main.o
 .text.beginning_move
                0x00000000        0x0 main.o
 .text          0x00000000        0x0 src/actuators.o
 .data          0x00000000        0x0 src/actuators.o
 .bss           0x00000000        0x0 src/actuators.o
 .text.servo_set_duty_cycle_left_grabber
                0x00000000        0x0 src/actuators.o
 .text.servo_set_left_grabber_position
                0x00000000        0x0 src/actuators.o
 .text.servo_set_right_grabber_position
                0x00000000        0x0 src/actuators.o
 .text          0x00000000        0x0 src/can.o
 .data          0x00000000        0x0 src/can.o
 .bss           0x00000000        0x0 src/can.o
 .text.CAN_CheckRX
                0x00000000        0x0 src/can.o
 .bss.canTime   0x00000000        0x0 src/can.o
 .text          0x00000000        0x0 src/gpio.o
 .data          0x00000000        0x0 src/gpio.o
 .bss           0x00000000        0x0 src/gpio.o
 .text.gpio_write_pin
                0x00000000        0x0 src/gpio.o
 .bss.test      0x00000000        0x0 src/gpio.o
 .text          0x00000000        0x0 src/greenside.o
 .data          0x00000000        0x0 src/greenside.o
 .bss           0x00000000        0x0 src/greenside.o
 .text          0x00000000        0x0 src/odometry.o
 .data          0x00000000        0x0 src/odometry.o
 .bss           0x00000000        0x0 src/odometry.o
 .text.stop     0x00000000        0x0 src/odometry.o
 .text.odometry_move_straight
                0x00000000        0x0 src/odometry.o
 .text.odometry_set_angle
                0x00000000        0x0 src/odometry.o
 .text.getState
                0x00000000        0x0 src/odometry.o
 .text.odometry_get_x
                0x00000000        0x0 src/odometry.o
 .text.odometry_get_y
                0x00000000        0x0 src/odometry.o
 .text.odometry_get_angle
                0x00000000        0x0 src/odometry.o
 .text          0x00000000        0x0 src/purpleside.o
 .data          0x00000000        0x0 src/purpleside.o
 .bss           0x00000000        0x0 src/purpleside.o
 .text          0x00000000        0x0 src/system.o
 .data          0x00000000        0x0 src/system.o
 .bss           0x00000000        0x0 src/system.o
 .bss.received  0x00000000        0x0 src/system.o
 .text.system_get_match_started
                0x00000000        0x0 src/system.o
 .text          0x00000000        0x0 src/uart.o
 .data          0x00000000        0x0 src/uart.o
 .bss           0x00000000        0x0 src/uart.o
 .text.UART0_Init
                0x00000000        0x0 src/uart.o
 .bss.tx0_wr_index
                0x00000000        0x0 src/uart.o
 .text.UART0_Write
                0x00000000        0x0 src/uart.o
 .bss.rx0_rd_index
                0x00000000        0x0 src/uart.o
 .text.UART0_Read
                0x00000000        0x0 src/uart.o
 .text.initUart1
                0x00000000        0x0 src/uart.o
 .bss.tx1_wr_index
                0x00000000        0x0 src/uart.o
 .bss.rx1_rd_index
                0x00000000        0x0 src/uart.o
 .text.altUart0Write
                0x00000000        0x0 src/uart.o
 .text.altUart1Write
                0x00000000        0x0 src/uart.o
 .text.UART1_Write
                0x00000000        0x0 src/uart.o
 .text.UART1_Read
                0x00000000        0x0 src/uart.o
 .text          0x00000000        0x0 c:/winavr-20100110/bin/../lib/gcc/avr/4.3.3/../../../../avr/lib/avr51\libm.a(addsf3.o)
 .data          0x00000000        0x0 c:/winavr-20100110/bin/../lib/gcc/avr/4.3.3/../../../../avr/lib/avr51\libm.a(addsf3.o)
 .bss           0x00000000        0x0 c:/winavr-20100110/bin/../lib/gcc/avr/4.3.3/../../../../avr/lib/avr51\libm.a(addsf3.o)
 .text          0x00000000        0x0 c:/winavr-20100110/bin/../lib/gcc/avr/4.3.3/../../../../avr/lib/avr51\libm.a(addsf3x.o)
 .data          0x00000000        0x0 c:/winavr-20100110/bin/../lib/gcc/avr/4.3.3/../../../../avr/lib/avr51\libm.a(addsf3x.o)
 .bss           0x00000000        0x0 c:/winavr-20100110/bin/../lib/gcc/avr/4.3.3/../../../../avr/lib/avr51\libm.a(addsf3x.o)
 .text          0x00000000        0x0 c:/winavr-20100110/bin/../lib/gcc/avr/4.3.3/../../../../avr/lib/avr51\libm.a(cmpsf2.o)
 .data          0x00000000        0x0 c:/winavr-20100110/bin/../lib/gcc/avr/4.3.3/../../../../avr/lib/avr51\libm.a(cmpsf2.o)
 .bss           0x00000000        0x0 c:/winavr-20100110/bin/../lib/gcc/avr/4.3.3/../../../../avr/lib/avr51\libm.a(cmpsf2.o)
 .text          0x00000000        0x0 c:/winavr-20100110/bin/../lib/gcc/avr/4.3.3/../../../../avr/lib/avr51\libm.a(divsf3.o)
 .data          0x00000000        0x0 c:/winavr-20100110/bin/../lib/gcc/avr/4.3.3/../../../../avr/lib/avr51\libm.a(divsf3.o)
 .bss           0x00000000        0x0 c:/winavr-20100110/bin/../lib/gcc/avr/4.3.3/../../../../avr/lib/avr51\libm.a(divsf3.o)
 .text          0x00000000        0x0 c:/winavr-20100110/bin/../lib/gcc/avr/4.3.3/../../../../avr/lib/avr51\libm.a(divsf3x.o)
 .data          0x00000000        0x0 c:/winavr-20100110/bin/../lib/gcc/avr/4.3.3/../../../../avr/lib/avr51\libm.a(divsf3x.o)
 .bss           0x00000000        0x0 c:/winavr-20100110/bin/../lib/gcc/avr/4.3.3/../../../../avr/lib/avr51\libm.a(divsf3x.o)
 .text          0x00000000        0x0 c:/winavr-20100110/bin/../lib/gcc/avr/4.3.3/../../../../avr/lib/avr51\libm.a(fixsfsi.o)
 .data          0x00000000        0x0 c:/winavr-20100110/bin/../lib/gcc/avr/4.3.3/../../../../avr/lib/avr51\libm.a(fixsfsi.o)
 .bss           0x00000000        0x0 c:/winavr-20100110/bin/../lib/gcc/avr/4.3.3/../../../../avr/lib/avr51\libm.a(fixsfsi.o)
 .text          0x00000000        0x0 c:/winavr-20100110/bin/../lib/gcc/avr/4.3.3/../../../../avr/lib/avr51\libm.a(fixunssfsi.o)
 .data          0x00000000        0x0 c:/winavr-20100110/bin/../lib/gcc/avr/4.3.3/../../../../avr/lib/avr51\libm.a(fixunssfsi.o)
 .bss           0x00000000        0x0 c:/winavr-20100110/bin/../lib/gcc/avr/4.3.3/../../../../avr/lib/avr51\libm.a(fixunssfsi.o)
 .text          0x00000000        0x0 c:/winavr-20100110/bin/../lib/gcc/avr/4.3.3/../../../../avr/lib/avr51\libm.a(floatsisf.o)
 .data          0x00000000        0x0 c:/winavr-20100110/bin/../lib/gcc/avr/4.3.3/../../../../avr/lib/avr51\libm.a(floatsisf.o)
 .bss           0x00000000        0x0 c:/winavr-20100110/bin/../lib/gcc/avr/4.3.3/../../../../avr/lib/avr51\libm.a(floatsisf.o)
 .text          0x00000000        0x0 c:/winavr-20100110/bin/../lib/gcc/avr/4.3.3/../../../../avr/lib/avr51\libm.a(fp_cmp.o)
 .data          0x00000000        0x0 c:/winavr-20100110/bin/../lib/gcc/avr/4.3.3/../../../../avr/lib/avr51\libm.a(fp_cmp.o)
 .bss           0x00000000        0x0 c:/winavr-20100110/bin/../lib/gcc/avr/4.3.3/../../../../avr/lib/avr51\libm.a(fp_cmp.o)
 .text          0x00000000        0x0 c:/winavr-20100110/bin/../lib/gcc/avr/4.3.3/../../../../avr/lib/avr51\libm.a(fp_inf.o)
 .data          0x00000000        0x0 c:/winavr-20100110/bin/../lib/gcc/avr/4.3.3/../../../../avr/lib/avr51\libm.a(fp_inf.o)
 .bss           0x00000000        0x0 c:/winavr-20100110/bin/../lib/gcc/avr/4.3.3/../../../../avr/lib/avr51\libm.a(fp_inf.o)
 .text          0x00000000        0x0 c:/winavr-20100110/bin/../lib/gcc/avr/4.3.3/../../../../avr/lib/avr51\libm.a(fp_nan.o)
 .data          0x00000000        0x0 c:/winavr-20100110/bin/../lib/gcc/avr/4.3.3/../../../../avr/lib/avr51\libm.a(fp_nan.o)
 .bss           0x00000000        0x0 c:/winavr-20100110/bin/../lib/gcc/avr/4.3.3/../../../../avr/lib/avr51\libm.a(fp_nan.o)
 .text          0x00000000        0x0 c:/winavr-20100110/bin/../lib/gcc/avr/4.3.3/../../../../avr/lib/avr51\libm.a(fp_pscA.o)
 .data          0x00000000        0x0 c:/winavr-20100110/bin/../lib/gcc/avr/4.3.3/../../../../avr/lib/avr51\libm.a(fp_pscA.o)
 .bss           0x00000000        0x0 c:/winavr-20100110/bin/../lib/gcc/avr/4.3.3/../../../../avr/lib/avr51\libm.a(fp_pscA.o)
 .text          0x00000000        0x0 c:/winavr-20100110/bin/../lib/gcc/avr/4.3.3/../../../../avr/lib/avr51\libm.a(fp_pscB.o)
 .data          0x00000000        0x0 c:/winavr-20100110/bin/../lib/gcc/avr/4.3.3/../../../../avr/lib/avr51\libm.a(fp_pscB.o)
 .bss           0x00000000        0x0 c:/winavr-20100110/bin/../lib/gcc/avr/4.3.3/../../../../avr/lib/avr51\libm.a(fp_pscB.o)
 .text          0x00000000        0x0 c:/winavr-20100110/bin/../lib/gcc/avr/4.3.3/../../../../avr/lib/avr51\libm.a(fp_round.o)
 .data          0x00000000        0x0 c:/winavr-20100110/bin/../lib/gcc/avr/4.3.3/../../../../avr/lib/avr51\libm.a(fp_round.o)
 .bss           0x00000000        0x0 c:/winavr-20100110/bin/../lib/gcc/avr/4.3.3/../../../../avr/lib/avr51\libm.a(fp_round.o)
 .text          0x00000000        0x0 c:/winavr-20100110/bin/../lib/gcc/avr/4.3.3/../../../../avr/lib/avr51\libm.a(fp_split3.o)
 .data          0x00000000        0x0 c:/winavr-20100110/bin/../lib/gcc/avr/4.3.3/../../../../avr/lib/avr51\libm.a(fp_split3.o)
 .bss           0x00000000        0x0 c:/winavr-20100110/bin/../lib/gcc/avr/4.3.3/../../../../avr/lib/avr51\libm.a(fp_split3.o)
 .text          0x00000000        0x0 c:/winavr-20100110/bin/../lib/gcc/avr/4.3.3/../../../../avr/lib/avr51\libm.a(fp_zero.o)
 .data          0x00000000        0x0 c:/winavr-20100110/bin/../lib/gcc/avr/4.3.3/../../../../avr/lib/avr51\libm.a(fp_zero.o)
 .bss           0x00000000        0x0 c:/winavr-20100110/bin/../lib/gcc/avr/4.3.3/../../../../avr/lib/avr51\libm.a(fp_zero.o)
 .text          0x00000000        0x0 c:/winavr-20100110/bin/../lib/gcc/avr/4.3.3/../../../../avr/lib/avr51\libm.a(gesf2.o)
 .data          0x00000000        0x0 c:/winavr-20100110/bin/../lib/gcc/avr/4.3.3/../../../../avr/lib/avr51\libm.a(gesf2.o)
 .bss           0x00000000        0x0 c:/winavr-20100110/bin/../lib/gcc/avr/4.3.3/../../../../avr/lib/avr51\libm.a(gesf2.o)
 .text          0x00000000        0x0 c:/winavr-20100110/bin/../lib/gcc/avr/4.3.3/../../../../avr/lib/avr51\libm.a(mulsf3.o)
 .data          0x00000000        0x0 c:/winavr-20100110/bin/../lib/gcc/avr/4.3.3/../../../../avr/lib/avr51\libm.a(mulsf3.o)
 .bss           0x00000000        0x0 c:/winavr-20100110/bin/../lib/gcc/avr/4.3.3/../../../../avr/lib/avr51\libm.a(mulsf3.o)
 .text          0x00000000        0x0 c:/winavr-20100110/bin/../lib/gcc/avr/4.3.3/../../../../avr/lib/avr51\libm.a(mulsf3x.o)
 .data          0x00000000        0x0 c:/winavr-20100110/bin/../lib/gcc/avr/4.3.3/../../../../avr/lib/avr51\libm.a(mulsf3x.o)
 .bss           0x00000000        0x0 c:/winavr-20100110/bin/../lib/gcc/avr/4.3.3/../../../../avr/lib/avr51\libm.a(mulsf3x.o)
 .text          0x00000000        0x0 c:/winavr-20100110/bin/../lib/gcc/avr/4.3.3/avr51\libgcc.a(_exit.o)
 .data          0x00000000        0x0 c:/winavr-20100110/bin/../lib/gcc/avr/4.3.3/avr51\libgcc.a(_exit.o)
 .bss           0x00000000        0x0 c:/winavr-20100110/bin/../lib/gcc/avr/4.3.3/avr51\libgcc.a(_exit.o)
 .text.libgcc   0x00000000        0x0 c:/winavr-20100110/bin/../lib/gcc/avr/4.3.3/avr51\libgcc.a(_exit.o)
 .text          0x00000000        0x0 c:/winavr-20100110/bin/../lib/gcc/avr/4.3.3/avr51\libgcc.a(_clear_bss.o)
 .data          0x00000000        0x0 c:/winavr-20100110/bin/../lib/gcc/avr/4.3.3/avr51\libgcc.a(_clear_bss.o)
 .bss           0x00000000        0x0 c:/winavr-20100110/bin/../lib/gcc/avr/4.3.3/avr51\libgcc.a(_clear_bss.o)
 .text.libgcc   0x00000000        0x0 c:/winavr-20100110/bin/../lib/gcc/avr/4.3.3/avr51\libgcc.a(_clear_bss.o)
 .text          0x00000000        0x0 c:/winavr-20100110/bin/../lib/gcc/avr/4.3.3/../../../../avr/lib/avr51\libc.a(calloc.o)
 .data          0x00000000        0x0 c:/winavr-20100110/bin/../lib/gcc/avr/4.3.3/../../../../avr/lib/avr51\libc.a(calloc.o)
 .bss           0x00000000        0x0 c:/winavr-20100110/bin/../lib/gcc/avr/4.3.3/../../../../avr/lib/avr51\libc.a(calloc.o)
 .text          0x00000000        0x0 c:/winavr-20100110/bin/../lib/gcc/avr/4.3.3/../../../../avr/lib/avr51\libc.a(malloc.o)
 .bss           0x00000000        0x0 c:/winavr-20100110/bin/../lib/gcc/avr/4.3.3/../../../../avr/lib/avr51\libc.a(malloc.o)
 .text          0x00000000        0x0 c:/winavr-20100110/bin/../lib/gcc/avr/4.3.3/../../../../avr/lib/avr51\libc.a(memset.o)
 .data          0x00000000        0x0 c:/winavr-20100110/bin/../lib/gcc/avr/4.3.3/../../../../avr/lib/avr51\libc.a(memset.o)
 .bss           0x00000000        0x0 c:/winavr-20100110/bin/../lib/gcc/avr/4.3.3/../../../../avr/lib/avr51\libc.a(memset.o)

Memory Configuration

Name             Origin             Length             Attributes
text             0x00000000         0x00020000         xr
data             0x00800060         0x0000ffa0         rw !x
eeprom           0x00810000         0x00010000         rw !x
fuse             0x00820000         0x00000400         rw !x
lock             0x00830000         0x00000400         rw !x
signature        0x00840000         0x00000400         rw !x
*default*        0x00000000         0xffffffff

Linker script and memory map

Address of section .data set to 0x800100
LOAD c:/winavr-20100110/bin/../lib/gcc/avr/4.3.3/../../../../avr/lib/avr51/crtcan128.o
LOAD main.o
LOAD src/actuators.o
LOAD src/can.o
LOAD src/gpio.o
LOAD src/greenside.o
LOAD src/odometry.o
LOAD src/purpleside.o
LOAD src/system.o
LOAD src/uart.o
START GROUP
LOAD c:/winavr-20100110/bin/../lib/gcc/avr/4.3.3/../../../../avr/lib/avr51\libm.a
END GROUP
LOAD c:/winavr-20100110/bin/../lib/gcc/avr/4.3.3/avr51\libgcc.a
LOAD c:/winavr-20100110/bin/../lib/gcc/avr/4.3.3/../../../../avr/lib/avr51\libc.a
LOAD c:/winavr-20100110/bin/../lib/gcc/avr/4.3.3/avr51\libgcc.a

.hash
 *(.hash)

.dynsym
 *(.dynsym)

.dynstr
 *(.dynstr)

.gnu.version
 *(.gnu.version)

.gnu.version_d
 *(.gnu.version_d)

.gnu.version_r
 *(.gnu.version_r)

.rel.init
 *(.rel.init)

.rela.init
 *(.rela.init)

.rel.text
 *(.rel.text)
 *(.rel.text.*)
 *(.rel.gnu.linkonce.t*)

.rela.text
 *(.rela.text)
 *(.rela.text.*)
 *(.rela.gnu.linkonce.t*)

.rel.fini
 *(.rel.fini)

.rela.fini
 *(.rela.fini)

.rel.rodata
 *(.rel.rodata)
 *(.rel.rodata.*)
 *(.rel.gnu.linkonce.r*)

.rela.rodata
 *(.rela.rodata)
 *(.rela.rodata.*)
 *(.rela.gnu.linkonce.r*)

.rel.data
 *(.rel.data)
 *(.rel.data.*)
 *(.rel.gnu.linkonce.d*)

.rela.data
 *(.rela.data)
 *(.rela.data.*)
 *(.rela.gnu.linkonce.d*)

.rel.ctors
 *(.rel.ctors)

.rela.ctors
 *(.rela.ctors)

.rel.dtors
 *(.rel.dtors)

.rela.dtors
 *(.rela.dtors)

.rel.got
 *(.rel.got)

.rela.got
 *(.rela.got)

.rel.bss
 *(.rel.bss)

.rela.bss
 *(.rela.bss)

.rel.plt
 *(.rel.plt)

.rela.plt
 *(.rela.plt)

.text           0x00000000     0x33d8
 *(.vectors)
 .vectors       0x00000000       0x94 c:/winavr-20100110/bin/../lib/gcc/avr/4.3.3/../../../../avr/lib/avr51/crtcan128.o
                0x00000000                __vectors
                0x00000000                __vector_default
 *(.vectors)
 *(.progmem.gcc*)
 *(.progmem*)
                0x00000094                . = ALIGN (0x2)
                0x00000094                __trampolines_start = .
 *(.trampolines)
 .trampolines   0x00000094        0x0 linker stubs
 *(.trampolines*)
                0x00000094                __trampolines_end = .
 *(.jumptables)
 *(.jumptables*)
 *(.lowtext)
 *(.lowtext*)
                0x00000094                __ctors_start = .
 *(.ctors)
                0x00000094                __ctors_end = .
                0x00000094                __dtors_start = .
 *(.dtors)
                0x00000094                __dtors_end = .
 SORT(*)(.ctors)
 SORT(*)(.dtors)
 *(.init0)
 .init0         0x00000094        0x0 c:/winavr-20100110/bin/../lib/gcc/avr/4.3.3/../../../../avr/lib/avr51/crtcan128.o
                0x00000094                __init
 *(.init0)
 *(.init1)
 *(.init1)
 *(.init2)
 .init2         0x00000094        0xc c:/winavr-20100110/bin/../lib/gcc/avr/4.3.3/../../../../avr/lib/avr51/crtcan128.o
 *(.init2)
 *(.init3)
 *(.init3)
 *(.init4)
 .init4         0x000000a0       0x1a c:/winavr-20100110/bin/../lib/gcc/avr/4.3.3/../../../../avr/lib/avr51/crtcan128.o
                0x000000a0                __do_copy_data
 .init4         0x000000ba       0x10 c:/winavr-20100110/bin/../lib/gcc/avr/4.3.3/avr51\libgcc.a(_clear_bss.o)
                0x000000ba                __do_clear_bss
 *(.init4)
 *(.init5)
 *(.init5)
 *(.init6)
 *(.init6)
 *(.init7)
 *(.init7)
 *(.init8)
 *(.init8)
 *(.init9)
 .init9         0x000000ca        0x6 c:/winavr-20100110/bin/../lib/gcc/avr/4.3.3/../../../../avr/lib/avr51/crtcan128.o
 *(.init9)
 *(.text)
 .text          0x000000d0        0x2 c:/winavr-20100110/bin/../lib/gcc/avr/4.3.3/../../../../avr/lib/avr51/crtcan128.o
                0x000000d0                __vector_22
                0x000000d0                __vector_28
                0x000000d0                __vector_1
                0x000000d0                __vector_24
                0x000000d0                __bad_interrupt
                0x000000d0                __vector_6
                0x000000d0                __vector_31
                0x000000d0                __vector_35
                0x000000d0                __vector_3
                0x000000d0                __vector_30
                0x000000d0                __vector_25
                0x000000d0                __vector_11
                0x000000d0                __vector_13
                0x000000d0                __vector_17
                0x000000d0                __vector_19
                0x000000d0                __vector_7
                0x000000d0                __vector_27
                0x000000d0                __vector_5
                0x000000d0                __vector_33
                0x000000d0                __vector_4
                0x000000d0                __vector_9
                0x000000d0                __vector_2
                0x000000d0                __vector_15
                0x000000d0                __vector_36
                0x000000d0                __vector_29
                0x000000d0                __vector_8
                0x000000d0                __vector_26
                0x000000d0                __vector_14
                0x000000d0                __vector_10
                0x000000d0                __vector_16
                0x000000d0                __vector_20
                0x000000d2                . = ALIGN (0x2)
 *(.text.*)
 .text.main     0x000000d2       0x22 main.o
                0x000000d2                main
 .text.servo_init
                0x000000f4      0x13e src/actuators.o
                0x000000f4                servo_init
 .text.servo_set_duty_cycle_umbrella
                0x00000232       0xbe src/actuators.o
 .text.servo_set_duty_cycle_door
                0x000002f0       0xbe src/actuators.o
 .text.servo_set_umbrella_position
                0x000003ae       0x8a src/actuators.o
                0x000003ae                servo_set_umbrella_position
 .text.servo_set_door_position
                0x00000438       0x8a src/actuators.o
                0x00000438                servo_set_door_position
 .text.servo_set_grabbers
                0x000004c2       0x18 src/actuators.o
                0x000004c2                servo_set_grabbers
 .text.actuators_umbrella
                0x000004da      0x1f6 src/actuators.o
                0x000004da                actuators_umbrella
 .text.actuators_setup
                0x000006d0      0x2e4 src/actuators.o
                0x000006d0                actuators_setup
 .text.__vector_18
                0x000009b4      0x1c0 src/can.o
                0x000009b4                __vector_18
 .text.CAN_InitModule
                0x00000b74       0xca src/can.o
 .text.CAN_InitRxMob
                0x00000c3e       0xee src/can.o
 .text.CAN_Init
                0x00000d2c       0x98 src/can.o
                0x00000d2c                CAN_Init
 .text.CAN_Read
                0x00000dc4       0xe8 src/can.o
                0x00000dc4                CAN_Read
 .text.CAN_Write
                0x00000eac      0x102 src/can.o
                0x00000eac                CAN_Write
 .text.gpio_register_pin
                0x00000fae      0x1ea src/gpio.o
                0x00000fae                gpio_register_pin
 .text.list_add
                0x00001198       0x36 src/gpio.o
 .text.__list_add
                0x000011ce       0x5c src/gpio.o
 .text.__gpio_read_pin
                0x0000122a       0x60 src/gpio.o
 .text.gpio_read_pin
                0x0000128a      0x100 src/gpio.o
                0x0000128a                gpio_read_pin
 .text.gpio_debouncer
                0x0000138a       0xac src/gpio.o
                0x0000138a                gpio_debouncer
 .text.greenside
                0x00001436      0x10e src/greenside.o
                0x00001436                greenside
 .text.odometry_set_speed
                0x00001544      0x136 src/odometry.o
                0x00001544                odometry_set_speed
 .text.odometry_query_position
                0x0000167a      0x180 src/odometry.o
 .text.odometry_wait_until_done
                0x000017fa       0x76 src/odometry.o
 .text.odometry_move_to_position
                0x00001870      0x16e src/odometry.o
                0x00001870                odometry_move_to_position
 .text.odometry_set_position
                0x000019de      0x1a0 src/odometry.o
                0x000019de                odometry_set_position
 .text.odometry_rotate_for
                0x00001b7e      0x140 src/odometry.o
                0x00001b7e                odometry_rotate_for
 .text.purpleside
                0x00001cbe      0x61c src/purpleside.o
                0x00001cbe                purpleside
 .text.timer_register_callback
                0x000022da       0x24 src/system.o
                0x000022da                timer_register_callback
 .text.combination_check
                0x000022fe      0x13a src/system.o
 .text.camera   0x00002438      0x232 src/system.o
                0x00002438                camera
 .text.timer_init
                0x0000266a       0x8c src/system.o
                0x0000266a                timer_init
 .text.__vector_12
                0x000026f6       0xbc src/system.o
                0x000026f6                __vector_12
 .text.system_reset_system_time
                0x000027b2       0x1e src/system.o
                0x000027b2                system_reset_system_time
 .text.system_set_match_started
                0x000027d0       0x14 src/system.o
                0x000027d0                system_set_match_started
 .text.system_get_system_time
                0x000027e4       0x22 src/system.o
                0x000027e4                system_get_system_time
 .text.return_active_state
                0x00002806       0x16 src/system.o
                0x00002806                return_active_state
 .text.do_the_camera
                0x0000281c       0xc4 src/system.o
                0x0000281c                do_the_camera
 .text.system_init
                0x000028e0      0x24e src/system.o
                0x000028e0                system_init
 .text.__vector_23
                0x00002b2e       0x82 src/uart.o
                0x00002b2e                __vector_23
 .text.__vector_21
                0x00002bb0       0x90 src/uart.o
                0x00002bb0                __vector_21
 .text.__vector_34
                0x00002c40       0x82 src/uart.o
                0x00002c40                __vector_34
 .text.__vector_32
                0x00002cc2       0x90 src/uart.o
                0x00002cc2                __vector_32
 .text.avr-libc.fplib
                0x00002d52        0xa c:/winavr-20100110/bin/../lib/gcc/avr/4.3.3/../../../../avr/lib/avr51\libm.a(addsf3.o)
                0x00002d52                __subsf3
                0x00002d54                __addsf3
 .text.avr-libc.fplib
                0x00002d5c       0xc0 c:/winavr-20100110/bin/../lib/gcc/avr/4.3.3/../../../../avr/lib/avr51\libm.a(addsf3x.o)
                0x00002d76                __addsf3x
 .text.avr-libc.fplib
                0x00002e1c        0x8 c:/winavr-20100110/bin/../lib/gcc/avr/4.3.3/../../../../avr/lib/avr51\libm.a(cmpsf2.o)
                0x00002e1c                __lesf2
                0x00002e1c                __nesf2
                0x00002e1c                __eqsf2
                0x00002e1c                __cmpsf2
                0x00002e1c                __ltsf2
 .text.avr-libc.fplib
                0x00002e24        0x4 c:/winavr-20100110/bin/../lib/gcc/avr/4.3.3/../../../../avr/lib/avr51\libm.a(divsf3.o)
                0x00002e24                __divsf3
 .text.avr-libc.fplib
                0x00002e28       0xcc c:/winavr-20100110/bin/../lib/gcc/avr/4.3.3/../../../../avr/lib/avr51\libm.a(divsf3x.o)
                0x00002e3e                __divsf3x
                0x00002e42                __divsf3_pse
 .text.avr-libc.fplib
                0x00002ef4        0xa c:/winavr-20100110/bin/../lib/gcc/avr/4.3.3/../../../../avr/lib/avr51\libm.a(fixsfsi.o)
                0x00002ef4                __fixsfsi
 .text.avr-libc.fplib
                0x00002efe       0x58 c:/winavr-20100110/bin/../lib/gcc/avr/4.3.3/../../../../avr/lib/avr51\libm.a(fixunssfsi.o)
                0x00002efe                __fixunssfsi
 .text.avr-libc.fplib
                0x00002f56       0x7a c:/winavr-20100110/bin/../lib/gcc/avr/4.3.3/../../../../avr/lib/avr51\libm.a(floatsisf.o)
                0x00002f5a                __floatsisf
                0x00002f56                __floatunsisf
 .text.avr-libc.fplib
                0x00002fd0       0x48 c:/winavr-20100110/bin/../lib/gcc/avr/4.3.3/../../../../avr/lib/avr51\libm.a(fp_cmp.o)
                0x00002fd0                __fp_cmp
 .text.avr-libc.fplib
                0x00003018        0xc c:/winavr-20100110/bin/../lib/gcc/avr/4.3.3/../../../../avr/lib/avr51\libm.a(fp_inf.o)
                0x00003018                __fp_inf
 .text.avr-libc.fplib
                0x00003024        0x6 c:/winavr-20100110/bin/../lib/gcc/avr/4.3.3/../../../../avr/lib/avr51\libm.a(fp_nan.o)
                0x00003024                __fp_nan
 .text.avr-libc.fplib
                0x0000302a        0xe c:/winavr-20100110/bin/../lib/gcc/avr/4.3.3/../../../../avr/lib/avr51\libm.a(fp_pscA.o)
                0x0000302a                __fp_pscA
 .text.avr-libc.fplib
                0x00003038        0xe c:/winavr-20100110/bin/../lib/gcc/avr/4.3.3/../../../../avr/lib/avr51\libm.a(fp_pscB.o)
                0x00003038                __fp_pscB
 .text.avr-libc.fplib
                0x00003046       0x22 c:/winavr-20100110/bin/../lib/gcc/avr/4.3.3/../../../../avr/lib/avr51\libm.a(fp_round.o)
                0x00003046                __fp_round
 .text.avr-libc.fplib
                0x00003068       0x44 c:/winavr-20100110/bin/../lib/gcc/avr/4.3.3/../../../../avr/lib/avr51\libm.a(fp_split3.o)
                0x00003068                __fp_split3
                0x00003078                __fp_splitA
 .text.avr-libc.fplib
                0x000030ac        0xe c:/winavr-20100110/bin/../lib/gcc/avr/4.3.3/../../../../avr/lib/avr51\libm.a(fp_zero.o)
                0x000030ac                __fp_zero
                0x000030ae                __fp_szero
 .text.avr-libc.fplib
                0x000030ba        0x8 c:/winavr-20100110/bin/../lib/gcc/avr/4.3.3/../../../../avr/lib/avr51\libm.a(gesf2.o)
                0x000030ba                __gtsf2
                0x000030ba                __gesf2
 .text.avr-libc.fplib
                0x000030c2        0x4 c:/winavr-20100110/bin/../lib/gcc/avr/4.3.3/../../../../avr/lib/avr51\libm.a(mulsf3.o)
                0x000030c2                __mulsf3
 .text.avr-libc.fplib
                0x000030c6       0xc2 c:/winavr-20100110/bin/../lib/gcc/avr/4.3.3/../../../../avr/lib/avr51\libm.a(mulsf3x.o)
                0x000030de                __mulsf3_pse
                0x000030da                __mulsf3x
 .text.avr-libc
                0x00003188       0x34 c:/winavr-20100110/bin/../lib/gcc/avr/4.3.3/../../../../avr/lib/avr51\libc.a(calloc.o)
                0x00003188                calloc
 .text.avr-libc
                0x000031bc      0x20a c:/winavr-20100110/bin/../lib/gcc/avr/4.3.3/../../../../avr/lib/avr51\libc.a(malloc.o)
                0x000031bc                malloc
                0x00003316                free
 .text.avr-libc
                0x000033c6        0xe c:/winavr-20100110/bin/../lib/gcc/avr/4.3.3/../../../../avr/lib/avr51\libc.a(memset.o)
                0x000033c6                memset
                0x000033d4                . = ALIGN (0x2)
 *(.fini9)
 .fini9         0x000033d4        0x0 c:/winavr-20100110/bin/../lib/gcc/avr/4.3.3/avr51\libgcc.a(_exit.o)
                0x000033d4                exit
                0x000033d4                _exit
 *(.fini9)
 *(.fini8)
 *(.fini8)
 *(.fini7)
 *(.fini7)
 *(.fini6)
 *(.fini6)
 *(.fini5)
 *(.fini5)
 *(.fini4)
 *(.fini4)
 *(.fini3)
 *(.fini3)
 *(.fini2)
 *(.fini2)
 *(.fini1)
 *(.fini1)
 *(.fini0)
 .fini0         0x000033d4        0x4 c:/winavr-20100110/bin/../lib/gcc/avr/4.3.3/avr51\libgcc.a(_exit.o)
 *(.fini0)
                0x000033d8                _etext = .

.data           0x00800100       0x80 load address 0x000033d8
                0x00800100                PROVIDE (__data_start, .)
 *(.data)
 .data          0x00800100        0x6 c:/winavr-20100110/bin/../lib/gcc/avr/4.3.3/../../../../avr/lib/avr51\libc.a(malloc.o)
                0x00800102                __malloc_heap_start
                0x00800104                __malloc_heap_end
                0x00800100                __malloc_margin
 *(.data*)
 .data.gpio_inputs
                0x00800106        0x4 src/gpio.o
                0x00800106                gpio_inputs
 .data.position
                0x0080010a        0x7 src/odometry.o
                0x0080010a                position
 *(.rodata)
 *(.rodata*)
 .rodata.green_tactic_one_positions
                0x00800111        0xb src/greenside.o
                0x00800111                green_tactic_one_positions
 .rodata.purple_camera_move
                0x0080011c       0x2c src/purpleside.o
                0x0080011c                purple_camera_move
 .rodata.purple_tactic_one_positions
                0x00800148        0xb src/purpleside.o
                0x00800148                purple_tactic_one_positions
 .rodata.purple_tactic_two_positions
                0x00800153        0xb src/purpleside.o
                0x00800153                purple_tactic_two_positions
 .rodata.purple_tactic_three_positions
                0x0080015e        0xb src/purpleside.o
                0x0080015e                purple_tactic_three_positions
 .rodata.purple_tactic_four_positions
                0x00800169        0xb src/purpleside.o
                0x00800169                purple_tactic_four_positions
 .rodata.purple_tactic_five_positions
                0x00800174        0xb src/purpleside.o
                0x00800174                purple_tactic_five_positions
 *(.gnu.linkonce.d*)
                0x00800180                . = ALIGN (0x2)
 *fill*         0x0080017f        0x1 00
                0x00800180                _edata = .
                0x00800180                PROVIDE (__data_end, .)

.bss            0x00800180      0x152
                0x00800180                PROVIDE (__bss_start, .)
 *(.bss)
 *(.bss*)
 .bss.rxBuffers
                0x00800180       0x14 src/can.o
 .bss.rxWrIndex
                0x00800194        0xa src/can.o
 .bss.rxRdIndex
                0x0080019e        0xa src/can.o
 .bss.rxCounter
                0x008001a8        0xa src/can.o
 .bss.count.1609
                0x008001b2        0x2 src/gpio.o
 .bss.current_speed
                0x008001b4        0x1 src/odometry.o
 .bss.timer_callback
                0x008001b5        0x2 src/system.o
 .bss.camera_return.1930
                0x008001b7        0x2 src/system.o
 .bss.sys_time  0x008001b9        0x4 src/system.o
 .bss.match_started
                0x008001bd        0x1 src/system.o
 .bss.combination
                0x008001be        0x4 src/system.o
 .bss.tx0_counter
                0x008001c2        0x1 src/uart.o
 .bss.tx0_rd_index
                0x008001c3        0x1 src/uart.o
 .bss.rx0_wr_index
                0x008001c4        0x1 src/uart.o
 .bss.rx0_counter
                0x008001c5        0x1 src/uart.o
 .bss.tx1_counter
                0x008001c6        0x1 src/uart.o
 .bss.tx1_rd_index
                0x008001c7        0x1 src/uart.o
 .bss.rx1_wr_index
                0x008001c8        0x1 src/uart.o
 .bss.rx1_counter
                0x008001c9        0x1 src/uart.o
 .bss.tx0_buffer
                0x008001ca       0x40 src/uart.o
 .bss.rx0_buffer
                0x0080020a       0x40 src/uart.o
 .bss.tx1_buffer
                0x0080024a       0x40 src/uart.o
 .bss.rx1_buffer
                0x0080028a       0x40 src/uart.o
 *(COMMON)
 COMMON         0x008002ca        0x4 main.o
                0x008002ca                restartCheck
                0x008002cb                active_state
                0x008002cd                stateRobot
 COMMON         0x008002ce        0x4 c:/winavr-20100110/bin/../lib/gcc/avr/4.3.3/../../../../avr/lib/avr51\libc.a(malloc.o)
                0x008002ce                __brkval
                0x008002d0                __flp
                0x008002d2                PROVIDE (__bss_end, .)
                0x000033d8                __data_load_start = LOADADDR (.data)
                0x00003458                __data_load_end = (__data_load_start + SIZEOF (.data))

.noinit         0x008002d2        0x0
                0x008002d2                PROVIDE (__noinit_start, .)
 *(.noinit*)
                0x008002d2                PROVIDE (__noinit_end, .)
                0x008002d2                _end = .
                0x008002d2                PROVIDE (__heap_start, .)

.eeprom         0x00810000        0x0
 *(.eeprom*)
                0x00810000                __eeprom_end = .

.fuse
 *(.fuse)
 *(.lfuse)
 *(.hfuse)
 *(.efuse)

.lock
 *(.lock*)

.signature
 *(.signature*)

.stab
 *(.stab)

.stabstr
 *(.stabstr)

.stab.excl
 *(.stab.excl)

.stab.exclstr
 *(.stab.exclstr)

.stab.index
 *(.stab.index)

.stab.indexstr
 *(.stab.indexstr)

.comment
 *(.comment)

.debug
 *(.debug)

.line
 *(.line)

.debug_srcinfo
 *(.debug_srcinfo)

.debug_sfnames
 *(.debug_sfnames)

.debug_aranges  0x00000000      0x2e8
 *(.debug_aranges)
 .debug_aranges
                0x00000000       0x28 main.o
 .debug_aranges
                0x00000028       0x70 src/actuators.o
 .debug_aranges
                0x00000098       0x50 src/can.o
 .debug_aranges
                0x000000e8       0x50 src/gpio.o
 .debug_aranges
                0x00000138       0x20 src/greenside.o
 .debug_aranges
                0x00000158       0x80 src/odometry.o
 .debug_aranges
                0x000001d8       0x20 src/purpleside.o
 .debug_aranges
                0x000001f8       0x78 src/system.o
 .debug_aranges
                0x00000270       0x78 src/uart.o

.debug_pubnames
                0x00000000      0x717
 *(.debug_pubnames)
 .debug_pubnames
                0x00000000       0x5f main.o
 .debug_pubnames
                0x0000005f      0x119 src/actuators.o
 .debug_pubnames
                0x00000178       0x5a src/can.o
 .debug_pubnames
                0x000001d2       0x79 src/gpio.o
 .debug_pubnames
                0x0000024b       0x70 src/greenside.o
 .debug_pubnames
                0x000002bb      0x13c src/odometry.o
 .debug_pubnames
                0x000003f7      0x10d src/purpleside.o
 .debug_pubnames
                0x00000504      0x142 src/system.o
 .debug_pubnames
                0x00000646       0xd1 src/uart.o

.debug_info     0x00000000     0x1feb
 *(.debug_info)
 .debug_info    0x00000000      0x151 main.o
 .debug_info    0x00000151      0x434 src/actuators.o
 .debug_info    0x00000585      0x2cf src/can.o
 .debug_info    0x00000854      0x414 src/gpio.o
 .debug_info    0x00000c68      0x1e9 src/greenside.o
 .debug_info    0x00000e51      0x6e9 src/odometry.o
 .debug_info    0x0000153a      0x30e src/purpleside.o
 .debug_info    0x00001848      0x40e src/system.o
 .debug_info    0x00001c56      0x395 src/uart.o
 *(.gnu.linkonce.wi.*)

.debug_abbrev   0x00000000      0xa51
 *(.debug_abbrev)
 .debug_abbrev  0x00000000       0xd0 main.o
 .debug_abbrev  0x000000d0      0x100 src/actuators.o
 .debug_abbrev  0x000001d0       0xef src/can.o
 .debug_abbrev  0x000002bf      0x157 src/gpio.o
 .debug_abbrev  0x00000416       0xda src/greenside.o
 .debug_abbrev  0x000004f0      0x1ba src/odometry.o
 .debug_abbrev  0x000006aa      0x135 src/purpleside.o
 .debug_abbrev  0x000007df      0x199 src/system.o
 .debug_abbrev  0x00000978       0xd9 src/uart.o

.debug_line     0x00000000     0x222a
 *(.debug_line)
 .debug_line    0x00000000       0xf3 main.o
 .debug_line    0x000000f3      0x4de src/actuators.o
 .debug_line    0x000005d1      0x3f2 src/can.o
 .debug_line    0x000009c3      0x2fd src/gpio.o
 .debug_line    0x00000cc0      0x133 src/greenside.o
 .debug_line    0x00000df3      0x7a7 src/odometry.o
 .debug_line    0x0000159a      0x2c6 src/purpleside.o
 .debug_line    0x00001860      0x59d src/system.o
 .debug_line    0x00001dfd      0x42d src/uart.o

.debug_frame    0x00000000      0x4b0
 *(.debug_frame)
 .debug_frame   0x00000000       0x30 main.o
 .debug_frame   0x00000030       0xc0 src/actuators.o
 .debug_frame   0x000000f0       0x80 src/can.o
 .debug_frame   0x00000170       0x80 src/gpio.o
 .debug_frame   0x000001f0       0x20 src/greenside.o
 .debug_frame   0x00000210       0xe0 src/odometry.o
 .debug_frame   0x000002f0       0x20 src/purpleside.o
 .debug_frame   0x00000310       0xd0 src/system.o
 .debug_frame   0x000003e0       0xd0 src/uart.o

.debug_str      0x00000000      0x990
 *(.debug_str)
 .debug_str     0x00000000       0xc7 main.o
                                0x12d (size before relaxing)
 .debug_str     0x000000c7      0x177 src/actuators.o
                                0x25e (size before relaxing)
 .debug_str     0x0000023e      0x103 src/can.o
                                0x182 (size before relaxing)
 .debug_str     0x00000341      0x107 src/gpio.o
                                0x1c1 (size before relaxing)
 .debug_str     0x00000448       0x94 src/greenside.o
                                0x1ae (size before relaxing)
 .debug_str     0x000004dc      0x15d src/odometry.o
                                0x2d8 (size before relaxing)
 .debug_str     0x00000639       0xc2 src/purpleside.o
                                0x27b (size before relaxing)
 .debug_str     0x000006fb      0x126 src/system.o
                                0x269 (size before relaxing)
 .debug_str     0x00000821      0x16f src/uart.o
                                0x22a (size before relaxing)

.debug_loc
 *(.debug_loc)

.debug_macinfo
 *(.debug_macinfo)
OUTPUT(malo_govno.elf elf32-avr)
LOAD linker stubs

.debug_ranges   0x00000000      0x2a0
 .debug_ranges  0x00000000       0x20 main.o
 .debug_ranges  0x00000020       0x68 src/actuators.o
 .debug_ranges  0x00000088       0x48 src/can.o
 .debug_ranges  0x000000d0       0x48 src/gpio.o
 .debug_ranges  0x00000118       0x18 src/greenside.o
 .debug_ranges  0x00000130       0x78 src/odometry.o
 .debug_ranges  0x000001a8       0x18 src/purpleside.o
 .debug_ranges  0x000001c0       0x70 src/system.o
 .debug_ranges  0x00000230       0x70 src/uart.o
