Archive member included because of file (symbol)

c:/winavr-20100110/bin/../lib/gcc/avr/4.3.3/../../../../avr/lib/avr51\libm.a(addsf3.o)
                              src/actuators.o (__subsf3)
c:/winavr-20100110/bin/../lib/gcc/avr/4.3.3/../../../../avr/lib/avr51\libm.a(addsf3x.o)
                              c:/winavr-20100110/bin/../lib/gcc/avr/4.3.3/../../../../avr/lib/avr51\libm.a(addsf3.o) (__addsf3x)
c:/winavr-20100110/bin/../lib/gcc/avr/4.3.3/../../../../avr/lib/avr51\libm.a(cmpsf2.o)
                              main.o (__ltsf2)
c:/winavr-20100110/bin/../lib/gcc/avr/4.3.3/../../../../avr/lib/avr51\libm.a(divsf3.o)
                              src/actuators.o (__divsf3)
c:/winavr-20100110/bin/../lib/gcc/avr/4.3.3/../../../../avr/lib/avr51\libm.a(divsf3x.o)
                              c:/winavr-20100110/bin/../lib/gcc/avr/4.3.3/../../../../avr/lib/avr51\libm.a(divsf3.o) (__divsf3x)
c:/winavr-20100110/bin/../lib/gcc/avr/4.3.3/../../../../avr/lib/avr51\libm.a(fixsfsi.o)
                              src/actuators.o (__fixsfsi)
c:/winavr-20100110/bin/../lib/gcc/avr/4.3.3/../../../../avr/lib/avr51\libm.a(fixunssfsi.o)
                              main.o (__fixunssfsi)
c:/winavr-20100110/bin/../lib/gcc/avr/4.3.3/../../../../avr/lib/avr51\libm.a(floatsisf.o)
                              src/actuators.o (__floatunsisf)
c:/winavr-20100110/bin/../lib/gcc/avr/4.3.3/../../../../avr/lib/avr51\libm.a(fp_cmp.o)
                              c:/winavr-20100110/bin/../lib/gcc/avr/4.3.3/../../../../avr/lib/avr51\libm.a(cmpsf2.o) (__fp_cmp)
c:/winavr-20100110/bin/../lib/gcc/avr/4.3.3/../../../../avr/lib/avr51\libm.a(fp_inf.o)
                              c:/winavr-20100110/bin/../lib/gcc/avr/4.3.3/../../../../avr/lib/avr51\libm.a(addsf3x.o) (__fp_inf)
c:/winavr-20100110/bin/../lib/gcc/avr/4.3.3/../../../../avr/lib/avr51\libm.a(fp_nan.o)
                              c:/winavr-20100110/bin/../lib/gcc/avr/4.3.3/../../../../avr/lib/avr51\libm.a(addsf3x.o) (__fp_nan)
c:/winavr-20100110/bin/../lib/gcc/avr/4.3.3/../../../../avr/lib/avr51\libm.a(fp_pscA.o)
                              c:/winavr-20100110/bin/../lib/gcc/avr/4.3.3/../../../../avr/lib/avr51\libm.a(addsf3x.o) (__fp_pscA)
c:/winavr-20100110/bin/../lib/gcc/avr/4.3.3/../../../../avr/lib/avr51\libm.a(fp_pscB.o)
                              c:/winavr-20100110/bin/../lib/gcc/avr/4.3.3/../../../../avr/lib/avr51\libm.a(addsf3x.o) (__fp_pscB)
c:/winavr-20100110/bin/../lib/gcc/avr/4.3.3/../../../../avr/lib/avr51\libm.a(fp_round.o)
                              c:/winavr-20100110/bin/../lib/gcc/avr/4.3.3/../../../../avr/lib/avr51\libm.a(addsf3.o) (__fp_round)
c:/winavr-20100110/bin/../lib/gcc/avr/4.3.3/../../../../avr/lib/avr51\libm.a(fp_split3.o)
                              c:/winavr-20100110/bin/../lib/gcc/avr/4.3.3/../../../../avr/lib/avr51\libm.a(addsf3x.o) (__fp_split3)
c:/winavr-20100110/bin/../lib/gcc/avr/4.3.3/../../../../avr/lib/avr51\libm.a(fp_zero.o)
                              c:/winavr-20100110/bin/../lib/gcc/avr/4.3.3/../../../../avr/lib/avr51\libm.a(addsf3x.o) (__fp_zero)
c:/winavr-20100110/bin/../lib/gcc/avr/4.3.3/../../../../avr/lib/avr51\libm.a(gesf2.o)
                              main.o (__gtsf2)
c:/winavr-20100110/bin/../lib/gcc/avr/4.3.3/../../../../avr/lib/avr51\libm.a(mulsf3.o)
                              main.o (__mulsf3)
c:/winavr-20100110/bin/../lib/gcc/avr/4.3.3/../../../../avr/lib/avr51\libm.a(mulsf3x.o)
                              c:/winavr-20100110/bin/../lib/gcc/avr/4.3.3/../../../../avr/lib/avr51\libm.a(mulsf3.o) (__mulsf3x)
c:/winavr-20100110/bin/../lib/gcc/avr/4.3.3/avr51\libgcc.a(_exit.o)
                              c:/winavr-20100110/bin/../lib/gcc/avr/4.3.3/../../../../avr/lib/avr51/crtcan128.o (exit)
c:/winavr-20100110/bin/../lib/gcc/avr/4.3.3/avr51\libgcc.a(_clear_bss.o)
                              main.o (__do_clear_bss)
c:/winavr-20100110/bin/../lib/gcc/avr/4.3.3/../../../../avr/lib/avr51\libc.a(calloc.o)
                              src/can.o (calloc)
c:/winavr-20100110/bin/../lib/gcc/avr/4.3.3/../../../../avr/lib/avr51\libc.a(malloc.o)
                              src/gpio.o (malloc)
c:/winavr-20100110/bin/../lib/gcc/avr/4.3.3/../../../../avr/lib/avr51\libc.a(memset.o)
                              c:/winavr-20100110/bin/../lib/gcc/avr/4.3.3/../../../../avr/lib/avr51\libc.a(calloc.o) (memset)

Allocating common symbols
Common symbol       size              file

restartCheck        0x1               main.o
__brkval            0x2               c:/winavr-20100110/bin/../lib/gcc/avr/4.3.3/../../../../avr/lib/avr51\libc.a(malloc.o)
__flp               0x2               c:/winavr-20100110/bin/../lib/gcc/avr/4.3.3/../../../../avr/lib/avr51\libc.a(malloc.o)
stateRobot          0x1               main.o

Discarded input sections

 .data          0x00000000        0x0 c:/winavr-20100110/bin/../lib/gcc/avr/4.3.3/../../../../avr/lib/avr51/crtcan128.o
 .bss           0x00000000        0x0 c:/winavr-20100110/bin/../lib/gcc/avr/4.3.3/../../../../avr/lib/avr51/crtcan128.o
 .text          0x00000000        0x0 main.o
 .data          0x00000000        0x0 main.o
 .bss           0x00000000        0x0 main.o
 COMMON         0x00000000        0x0 main.o
 .text          0x00000000        0x0 src/actuators.o
 .data          0x00000000        0x0 src/actuators.o
 .bss           0x00000000        0x0 src/actuators.o
 .text.servo_set_grabbers_down
                0x00000000        0x0 src/actuators.o
 .text          0x00000000        0x0 src/can.o
 .data          0x00000000        0x0 src/can.o
 .bss           0x00000000        0x0 src/can.o
 .text.CAN_CheckRX
                0x00000000        0x0 src/can.o
 .bss.canTime   0x00000000        0x0 src/can.o
 .text          0x00000000        0x0 src/gpio.o
 .data          0x00000000        0x0 src/gpio.o
 .bss           0x00000000        0x0 src/gpio.o
 .text.gpio_write_pin
                0x00000000        0x0 src/gpio.o
 .bss.test      0x00000000        0x0 src/gpio.o
 .text          0x00000000        0x0 src/greenside.o
 .data          0x00000000        0x0 src/greenside.o
 .bss           0x00000000        0x0 src/greenside.o
 .text.green_detection_front
                0x00000000        0x0 src/greenside.o
 .text.green_detection_front_left
                0x00000000        0x0 src/greenside.o
 .text.green_detection_front_right
                0x00000000        0x0 src/greenside.o
 .text.green_detection_back
                0x00000000        0x0 src/greenside.o
 .text.green_detection_back_left
                0x00000000        0x0 src/greenside.o
 .text.green_detection_back_right
                0x00000000        0x0 src/greenside.o
 .rodata.green_camera_move
                0x00000000        0x0 src/greenside.o
 .rodata.green_tactic_one_positions
                0x00000000        0x0 src/greenside.o
 .rodata.green_tactic_two_positions
                0x00000000        0x0 src/greenside.o
 .rodata.green_tactic_three_positions
                0x00000000        0x0 src/greenside.o
 .rodata.green_tactic_four_positions
                0x00000000        0x0 src/greenside.o
 .rodata.green_tactic_five_positions
                0x00000000        0x0 src/greenside.o
 .text.greenside
                0x00000000        0x0 src/greenside.o
 .text          0x00000000        0x0 src/odometry.o
 .data          0x00000000        0x0 src/odometry.o
 .bss           0x00000000        0x0 src/odometry.o
 .text.stop     0x00000000        0x0 src/odometry.o
 .text.odometry_move_to_position
                0x00000000        0x0 src/odometry.o
 .text.odometry_set_position
                0x00000000        0x0 src/odometry.o
 .text.odometry_rotate
                0x00000000        0x0 src/odometry.o
 .text.odometry_set_angle
                0x00000000        0x0 src/odometry.o
 .text.getState
                0x00000000        0x0 src/odometry.o
 .text.odometry_get_x
                0x00000000        0x0 src/odometry.o
 .text.odometry_get_y
                0x00000000        0x0 src/odometry.o
 .text.odometry_get_angle
                0x00000000        0x0 src/odometry.o
 .text          0x00000000        0x0 src/purpleside.o
 .data          0x00000000        0x0 src/purpleside.o
 .bss           0x00000000        0x0 src/purpleside.o
 .text.purple_detection_front
                0x00000000        0x0 src/purpleside.o
 .text.purple_detection_front_left
                0x00000000        0x0 src/purpleside.o
 .text.purple_detection_front_right
                0x00000000        0x0 src/purpleside.o
 .text.purple_detection_back
                0x00000000        0x0 src/purpleside.o
 .text.purple_detection_back_left
                0x00000000        0x0 src/purpleside.o
 .text.purple_detection_back_right
                0x00000000        0x0 src/purpleside.o
 .rodata.purple_tactic_one_positions
                0x00000000        0x0 src/purpleside.o
 .rodata.purple_tactic_two_positions
                0x00000000        0x0 src/purpleside.o
 .rodata.purple_tactic_three_positions
                0x00000000        0x0 src/purpleside.o
 .rodata.purple_tactic_four_positions
                0x00000000        0x0 src/purpleside.o
 .rodata.purple_tactic_five_positions
                0x00000000        0x0 src/purpleside.o
 .text.purpleside
                0x00000000        0x0 src/purpleside.o
 .text          0x00000000        0x0 src/system.o
 .data          0x00000000        0x0 src/system.o
 .bss           0x00000000        0x0 src/system.o
 .bss.received  0x00000000        0x0 src/system.o
 .text.system_get_match_started
                0x00000000        0x0 src/system.o
 .text.checkFrontSensors
                0x00000000        0x0 src/system.o
 .text.checkRearSensors
                0x00000000        0x0 src/system.o
 .bss.combination
                0x00000000        0x0 src/system.o
 .text          0x00000000        0x0 src/uart.o
 .data          0x00000000        0x0 src/uart.o
 .bss           0x00000000        0x0 src/uart.o
 .text.UART0_Init
                0x00000000        0x0 src/uart.o
 .bss.tx0_wr_index
                0x00000000        0x0 src/uart.o
 .text.UART0_Write
                0x00000000        0x0 src/uart.o
 .bss.rx0_rd_index
                0x00000000        0x0 src/uart.o
 .text.UART0_Read
                0x00000000        0x0 src/uart.o
 .text.initUart1
                0x00000000        0x0 src/uart.o
 .bss.tx1_wr_index
                0x00000000        0x0 src/uart.o
 .bss.rx1_rd_index
                0x00000000        0x0 src/uart.o
 .text.altUart0Write
                0x00000000        0x0 src/uart.o
 .text.altUart1Write
                0x00000000        0x0 src/uart.o
 .text.UART1_Write
                0x00000000        0x0 src/uart.o
 .text.UART1_Read
                0x00000000        0x0 src/uart.o
 .text          0x00000000        0x0 c:/winavr-20100110/bin/../lib/gcc/avr/4.3.3/../../../../avr/lib/avr51\libm.a(addsf3.o)
 .data          0x00000000        0x0 c:/winavr-20100110/bin/../lib/gcc/avr/4.3.3/../../../../avr/lib/avr51\libm.a(addsf3.o)
 .bss           0x00000000        0x0 c:/winavr-20100110/bin/../lib/gcc/avr/4.3.3/../../../../avr/lib/avr51\libm.a(addsf3.o)
 .text          0x00000000        0x0 c:/winavr-20100110/bin/../lib/gcc/avr/4.3.3/../../../../avr/lib/avr51\libm.a(addsf3x.o)
 .data          0x00000000        0x0 c:/winavr-20100110/bin/../lib/gcc/avr/4.3.3/../../../../avr/lib/avr51\libm.a(addsf3x.o)
 .bss           0x00000000        0x0 c:/winavr-20100110/bin/../lib/gcc/avr/4.3.3/../../../../avr/lib/avr51\libm.a(addsf3x.o)
 .text          0x00000000        0x0 c:/winavr-20100110/bin/../lib/gcc/avr/4.3.3/../../../../avr/lib/avr51\libm.a(cmpsf2.o)
 .data          0x00000000        0x0 c:/winavr-20100110/bin/../lib/gcc/avr/4.3.3/../../../../avr/lib/avr51\libm.a(cmpsf2.o)
 .bss           0x00000000        0x0 c:/winavr-20100110/bin/../lib/gcc/avr/4.3.3/../../../../avr/lib/avr51\libm.a(cmpsf2.o)
 .text          0x00000000        0x0 c:/winavr-20100110/bin/../lib/gcc/avr/4.3.3/../../../../avr/lib/avr51\libm.a(divsf3.o)
 .data          0x00000000        0x0 c:/winavr-20100110/bin/../lib/gcc/avr/4.3.3/../../../../avr/lib/avr51\libm.a(divsf3.o)
 .bss           0x00000000        0x0 c:/winavr-20100110/bin/../lib/gcc/avr/4.3.3/../../../../avr/lib/avr51\libm.a(divsf3.o)
 .text          0x00000000        0x0 c:/winavr-20100110/bin/../lib/gcc/avr/4.3.3/../../../../avr/lib/avr51\libm.a(divsf3x.o)
 .data          0x00000000        0x0 c:/winavr-20100110/bin/../lib/gcc/avr/4.3.3/../../../../avr/lib/avr51\libm.a(divsf3x.o)
 .bss           0x00000000        0x0 c:/winavr-20100110/bin/../lib/gcc/avr/4.3.3/../../../../avr/lib/avr51\libm.a(divsf3x.o)
 .text          0x00000000        0x0 c:/winavr-20100110/bin/../lib/gcc/avr/4.3.3/../../../../avr/lib/avr51\libm.a(fixsfsi.o)
 .data          0x00000000        0x0 c:/winavr-20100110/bin/../lib/gcc/avr/4.3.3/../../../../avr/lib/avr51\libm.a(fixsfsi.o)
 .bss           0x00000000        0x0 c:/winavr-20100110/bin/../lib/gcc/avr/4.3.3/../../../../avr/lib/avr51\libm.a(fixsfsi.o)
 .text          0x00000000        0x0 c:/winavr-20100110/bin/../lib/gcc/avr/4.3.3/../../../../avr/lib/avr51\libm.a(fixunssfsi.o)
 .data          0x00000000        0x0 c:/winavr-20100110/bin/../lib/gcc/avr/4.3.3/../../../../avr/lib/avr51\libm.a(fixunssfsi.o)
 .bss           0x00000000        0x0 c:/winavr-20100110/bin/../lib/gcc/avr/4.3.3/../../../../avr/lib/avr51\libm.a(fixunssfsi.o)
 .text          0x00000000        0x0 c:/winavr-20100110/bin/../lib/gcc/avr/4.3.3/../../../../avr/lib/avr51\libm.a(floatsisf.o)
 .data          0x00000000        0x0 c:/winavr-20100110/bin/../lib/gcc/avr/4.3.3/../../../../avr/lib/avr51\libm.a(floatsisf.o)
 .bss           0x00000000        0x0 c:/winavr-20100110/bin/../lib/gcc/avr/4.3.3/../../../../avr/lib/avr51\libm.a(floatsisf.o)
 .text          0x00000000        0x0 c:/winavr-20100110/bin/../lib/gcc/avr/4.3.3/../../../../avr/lib/avr51\libm.a(fp_cmp.o)
 .data          0x00000000        0x0 c:/winavr-20100110/bin/../lib/gcc/avr/4.3.3/../../../../avr/lib/avr51\libm.a(fp_cmp.o)
 .bss           0x00000000        0x0 c:/winavr-20100110/bin/../lib/gcc/avr/4.3.3/../../../../avr/lib/avr51\libm.a(fp_cmp.o)
 .text          0x00000000        0x0 c:/winavr-20100110/bin/../lib/gcc/avr/4.3.3/../../../../avr/lib/avr51\libm.a(fp_inf.o)
 .data          0x00000000        0x0 c:/winavr-20100110/bin/../lib/gcc/avr/4.3.3/../../../../avr/lib/avr51\libm.a(fp_inf.o)
 .bss           0x00000000        0x0 c:/winavr-20100110/bin/../lib/gcc/avr/4.3.3/../../../../avr/lib/avr51\libm.a(fp_inf.o)
 .text          0x00000000        0x0 c:/winavr-20100110/bin/../lib/gcc/avr/4.3.3/../../../../avr/lib/avr51\libm.a(fp_nan.o)
 .data          0x00000000        0x0 c:/winavr-20100110/bin/../lib/gcc/avr/4.3.3/../../../../avr/lib/avr51\libm.a(fp_nan.o)
 .bss           0x00000000        0x0 c:/winavr-20100110/bin/../lib/gcc/avr/4.3.3/../../../../avr/lib/avr51\libm.a(fp_nan.o)
 .text          0x00000000        0x0 c:/winavr-20100110/bin/../lib/gcc/avr/4.3.3/../../../../avr/lib/avr51\libm.a(fp_pscA.o)
 .data          0x00000000        0x0 c:/winavr-20100110/bin/../lib/gcc/avr/4.3.3/../../../../avr/lib/avr51\libm.a(fp_pscA.o)
 .bss           0x00000000        0x0 c:/winavr-20100110/bin/../lib/gcc/avr/4.3.3/../../../../avr/lib/avr51\libm.a(fp_pscA.o)
 .text          0x00000000        0x0 c:/winavr-20100110/bin/../lib/gcc/avr/4.3.3/../../../../avr/lib/avr51\libm.a(fp_pscB.o)
 .data          0x00000000        0x0 c:/winavr-20100110/bin/../lib/gcc/avr/4.3.3/../../../../avr/lib/avr51\libm.a(fp_pscB.o)
 .bss           0x00000000        0x0 c:/winavr-20100110/bin/../lib/gcc/avr/4.3.3/../../../../avr/lib/avr51\libm.a(fp_pscB.o)
 .text          0x00000000        0x0 c:/winavr-20100110/bin/../lib/gcc/avr/4.3.3/../../../../avr/lib/avr51\libm.a(fp_round.o)
 .data          0x00000000        0x0 c:/winavr-20100110/bin/../lib/gcc/avr/4.3.3/../../../../avr/lib/avr51\libm.a(fp_round.o)
 .bss           0x00000000        0x0 c:/winavr-20100110/bin/../lib/gcc/avr/4.3.3/../../../../avr/lib/avr51\libm.a(fp_round.o)
 .text          0x00000000        0x0 c:/winavr-20100110/bin/../lib/gcc/avr/4.3.3/../../../../avr/lib/avr51\libm.a(fp_split3.o)
 .data          0x00000000        0x0 c:/winavr-20100110/bin/../lib/gcc/avr/4.3.3/../../../../avr/lib/avr51\libm.a(fp_split3.o)
 .bss           0x00000000        0x0 c:/winavr-20100110/bin/../lib/gcc/avr/4.3.3/../../../../avr/lib/avr51\libm.a(fp_split3.o)
 .text          0x00000000        0x0 c:/winavr-20100110/bin/../lib/gcc/avr/4.3.3/../../../../avr/lib/avr51\libm.a(fp_zero.o)
 .data          0x00000000        0x0 c:/winavr-20100110/bin/../lib/gcc/avr/4.3.3/../../../../avr/lib/avr51\libm.a(fp_zero.o)
 .bss           0x00000000        0x0 c:/winavr-20100110/bin/../lib/gcc/avr/4.3.3/../../../../avr/lib/avr51\libm.a(fp_zero.o)
 .text          0x00000000        0x0 c:/winavr-20100110/bin/../lib/gcc/avr/4.3.3/../../../../avr/lib/avr51\libm.a(gesf2.o)
 .data          0x00000000        0x0 c:/winavr-20100110/bin/../lib/gcc/avr/4.3.3/../../../../avr/lib/avr51\libm.a(gesf2.o)
 .bss           0x00000000        0x0 c:/winavr-20100110/bin/../lib/gcc/avr/4.3.3/../../../../avr/lib/avr51\libm.a(gesf2.o)
 .text          0x00000000        0x0 c:/winavr-20100110/bin/../lib/gcc/avr/4.3.3/../../../../avr/lib/avr51\libm.a(mulsf3.o)
 .data          0x00000000        0x0 c:/winavr-20100110/bin/../lib/gcc/avr/4.3.3/../../../../avr/lib/avr51\libm.a(mulsf3.o)
 .bss           0x00000000        0x0 c:/winavr-20100110/bin/../lib/gcc/avr/4.3.3/../../../../avr/lib/avr51\libm.a(mulsf3.o)
 .text          0x00000000        0x0 c:/winavr-20100110/bin/../lib/gcc/avr/4.3.3/../../../../avr/lib/avr51\libm.a(mulsf3x.o)
 .data          0x00000000        0x0 c:/winavr-20100110/bin/../lib/gcc/avr/4.3.3/../../../../avr/lib/avr51\libm.a(mulsf3x.o)
 .bss           0x00000000        0x0 c:/winavr-20100110/bin/../lib/gcc/avr/4.3.3/../../../../avr/lib/avr51\libm.a(mulsf3x.o)
 .text          0x00000000        0x0 c:/winavr-20100110/bin/../lib/gcc/avr/4.3.3/avr51\libgcc.a(_exit.o)
 .data          0x00000000        0x0 c:/winavr-20100110/bin/../lib/gcc/avr/4.3.3/avr51\libgcc.a(_exit.o)
 .bss           0x00000000        0x0 c:/winavr-20100110/bin/../lib/gcc/avr/4.3.3/avr51\libgcc.a(_exit.o)
 .text.libgcc   0x00000000        0x0 c:/winavr-20100110/bin/../lib/gcc/avr/4.3.3/avr51\libgcc.a(_exit.o)
 .text          0x00000000        0x0 c:/winavr-20100110/bin/../lib/gcc/avr/4.3.3/avr51\libgcc.a(_clear_bss.o)
 .data          0x00000000        0x0 c:/winavr-20100110/bin/../lib/gcc/avr/4.3.3/avr51\libgcc.a(_clear_bss.o)
 .bss           0x00000000        0x0 c:/winavr-20100110/bin/../lib/gcc/avr/4.3.3/avr51\libgcc.a(_clear_bss.o)
 .text.libgcc   0x00000000        0x0 c:/winavr-20100110/bin/../lib/gcc/avr/4.3.3/avr51\libgcc.a(_clear_bss.o)
 .text          0x00000000        0x0 c:/winavr-20100110/bin/../lib/gcc/avr/4.3.3/../../../../avr/lib/avr51\libc.a(calloc.o)
 .data          0x00000000        0x0 c:/winavr-20100110/bin/../lib/gcc/avr/4.3.3/../../../../avr/lib/avr51\libc.a(calloc.o)
 .bss           0x00000000        0x0 c:/winavr-20100110/bin/../lib/gcc/avr/4.3.3/../../../../avr/lib/avr51\libc.a(calloc.o)
 .text          0x00000000        0x0 c:/winavr-20100110/bin/../lib/gcc/avr/4.3.3/../../../../avr/lib/avr51\libc.a(malloc.o)
 .bss           0x00000000        0x0 c:/winavr-20100110/bin/../lib/gcc/avr/4.3.3/../../../../avr/lib/avr51\libc.a(malloc.o)
 .text          0x00000000        0x0 c:/winavr-20100110/bin/../lib/gcc/avr/4.3.3/../../../../avr/lib/avr51\libc.a(memset.o)
 .data          0x00000000        0x0 c:/winavr-20100110/bin/../lib/gcc/avr/4.3.3/../../../../avr/lib/avr51\libc.a(memset.o)
 .bss           0x00000000        0x0 c:/winavr-20100110/bin/../lib/gcc/avr/4.3.3/../../../../avr/lib/avr51\libc.a(memset.o)

Memory Configuration

Name             Origin             Length             Attributes
text             0x00000000         0x00020000         xr
data             0x00800060         0x0000ffa0         rw !x
eeprom           0x00810000         0x00010000         rw !x
fuse             0x00820000         0x00000400         rw !x
lock             0x00830000         0x00000400         rw !x
signature        0x00840000         0x00000400         rw !x
*default*        0x00000000         0xffffffff

Linker script and memory map

Address of section .data set to 0x800100
LOAD c:/winavr-20100110/bin/../lib/gcc/avr/4.3.3/../../../../avr/lib/avr51/crtcan128.o
LOAD main.o
LOAD src/actuators.o
LOAD src/can.o
LOAD src/gpio.o
LOAD src/greenside.o
LOAD src/odometry.o
LOAD src/purpleside.o
LOAD src/system.o
LOAD src/uart.o
START GROUP
LOAD c:/winavr-20100110/bin/../lib/gcc/avr/4.3.3/../../../../avr/lib/avr51\libm.a
END GROUP
LOAD c:/winavr-20100110/bin/../lib/gcc/avr/4.3.3/avr51\libgcc.a
LOAD c:/winavr-20100110/bin/../lib/gcc/avr/4.3.3/../../../../avr/lib/avr51\libc.a
LOAD c:/winavr-20100110/bin/../lib/gcc/avr/4.3.3/avr51\libgcc.a

.hash
 *(.hash)

.dynsym
 *(.dynsym)

.dynstr
 *(.dynstr)

.gnu.version
 *(.gnu.version)

.gnu.version_d
 *(.gnu.version_d)

.gnu.version_r
 *(.gnu.version_r)

.rel.init
 *(.rel.init)

.rela.init
 *(.rela.init)

.rel.text
 *(.rel.text)
 *(.rel.text.*)
 *(.rel.gnu.linkonce.t*)

.rela.text
 *(.rela.text)
 *(.rela.text.*)
 *(.rela.gnu.linkonce.t*)

.rel.fini
 *(.rel.fini)

.rela.fini
 *(.rela.fini)

.rel.rodata
 *(.rel.rodata)
 *(.rel.rodata.*)
 *(.rel.gnu.linkonce.r*)

.rela.rodata
 *(.rela.rodata)
 *(.rela.rodata.*)
 *(.rela.gnu.linkonce.r*)

.rel.data
 *(.rel.data)
 *(.rel.data.*)
 *(.rel.gnu.linkonce.d*)

.rela.data
 *(.rela.data)
 *(.rela.data.*)
 *(.rela.gnu.linkonce.d*)

.rel.ctors
 *(.rel.ctors)

.rela.ctors
 *(.rela.ctors)

.rel.dtors
 *(.rel.dtors)

.rela.dtors
 *(.rela.dtors)

.rel.got
 *(.rel.got)

.rela.got
 *(.rela.got)

.rel.bss
 *(.rel.bss)

.rela.bss
 *(.rela.bss)

.rel.plt
 *(.rel.plt)

.rela.plt
 *(.rela.plt)

.text           0x00000000     0x2760
 *(.vectors)
 .vectors       0x00000000       0x94 c:/winavr-20100110/bin/../lib/gcc/avr/4.3.3/../../../../avr/lib/avr51/crtcan128.o
                0x00000000                __vectors
                0x00000000                __vector_default
 *(.vectors)
 *(.progmem.gcc*)
 *(.progmem*)
                0x00000094                . = ALIGN (0x2)
                0x00000094                __trampolines_start = .
 *(.trampolines)
 .trampolines   0x00000094        0x0 linker stubs
 *(.trampolines*)
                0x00000094                __trampolines_end = .
 *(.jumptables)
 *(.jumptables*)
 *(.lowtext)
 *(.lowtext*)
                0x00000094                __ctors_start = .
 *(.ctors)
                0x00000094                __ctors_end = .
                0x00000094                __dtors_start = .
 *(.dtors)
                0x00000094                __dtors_end = .
 SORT(*)(.ctors)
 SORT(*)(.dtors)
 *(.init0)
 .init0         0x00000094        0x0 c:/winavr-20100110/bin/../lib/gcc/avr/4.3.3/../../../../avr/lib/avr51/crtcan128.o
                0x00000094                __init
 *(.init0)
 *(.init1)
 *(.init1)
 *(.init2)
 .init2         0x00000094        0xc c:/winavr-20100110/bin/../lib/gcc/avr/4.3.3/../../../../avr/lib/avr51/crtcan128.o
 *(.init2)
 *(.init3)
 *(.init3)
 *(.init4)
 .init4         0x000000a0       0x1a c:/winavr-20100110/bin/../lib/gcc/avr/4.3.3/../../../../avr/lib/avr51/crtcan128.o
                0x000000a0                __do_copy_data
 .init4         0x000000ba       0x10 c:/winavr-20100110/bin/../lib/gcc/avr/4.3.3/avr51\libgcc.a(_clear_bss.o)
                0x000000ba                __do_clear_bss
 *(.init4)
 *(.init5)
 *(.init5)
 *(.init6)
 *(.init6)
 *(.init7)
 *(.init7)
 *(.init8)
 *(.init8)
 *(.init9)
 .init9         0x000000ca        0x6 c:/winavr-20100110/bin/../lib/gcc/avr/4.3.3/../../../../avr/lib/avr51/crtcan128.o
 *(.init9)
 *(.text)
 .text          0x000000d0        0x2 c:/winavr-20100110/bin/../lib/gcc/avr/4.3.3/../../../../avr/lib/avr51/crtcan128.o
                0x000000d0                __vector_22
                0x000000d0                __vector_28
                0x000000d0                __vector_1
                0x000000d0                __vector_24
                0x000000d0                __bad_interrupt
                0x000000d0                __vector_6
                0x000000d0                __vector_31
                0x000000d0                __vector_35
                0x000000d0                __vector_3
                0x000000d0                __vector_30
                0x000000d0                __vector_25
                0x000000d0                __vector_11
                0x000000d0                __vector_13
                0x000000d0                __vector_17
                0x000000d0                __vector_19
                0x000000d0                __vector_7
                0x000000d0                __vector_27
                0x000000d0                __vector_5
                0x000000d0                __vector_33
                0x000000d0                __vector_4
                0x000000d0                __vector_9
                0x000000d0                __vector_2
                0x000000d0                __vector_15
                0x000000d0                __vector_36
                0x000000d0                __vector_29
                0x000000d0                __vector_8
                0x000000d0                __vector_26
                0x000000d0                __vector_14
                0x000000d0                __vector_10
                0x000000d0                __vector_16
                0x000000d0                __vector_20
                0x000000d2                . = ALIGN (0x2)
 *(.text.*)
 .text.main     0x000000d2      0x120 main.o
                0x000000d2                main
 .text.servo_init
                0x000001f2       0xe2 src/actuators.o
                0x000001f2                servo_init
 .text.servo_set_duty_cycle_umbrella
                0x000002d4       0xbe src/actuators.o
 .text.servo_set_duty_cycle_door
                0x00000392       0xbe src/actuators.o
 .text.servo_set_duty_cycle_left_grabber
                0x00000450       0xbe src/actuators.o
 .text.servo_set_umbrella_position
                0x0000050e       0x8a src/actuators.o
                0x0000050e                servo_set_umbrella_position
 .text.servo_set_door_position
                0x00000598       0x8a src/actuators.o
                0x00000598                servo_set_door_position
 .text.servo_set_left_grabber_position
                0x00000622       0x8a src/actuators.o
                0x00000622                servo_set_left_grabber_position
 .text.servo_set_right_grabber_position
                0x000006ac       0x1c src/actuators.o
                0x000006ac                servo_set_right_grabber_position
 .text.servo_set_grabbers_up
                0x000006c8       0x16 src/actuators.o
                0x000006c8                servo_set_grabbers_up
 .text.actuators_umbrella
                0x000006de      0x1f6 src/actuators.o
                0x000006de                actuators_umbrella
 .text.actuators_setup
                0x000008d4      0x2e0 src/actuators.o
                0x000008d4                actuators_setup
 .text.__vector_18
                0x00000bb4      0x1c0 src/can.o
                0x00000bb4                __vector_18
 .text.CAN_InitModule
                0x00000d74       0xca src/can.o
 .text.CAN_InitRxMob
                0x00000e3e       0xee src/can.o
 .text.CAN_Init
                0x00000f2c       0x98 src/can.o
                0x00000f2c                CAN_Init
 .text.CAN_Read
                0x00000fc4       0xf0 src/can.o
                0x00000fc4                CAN_Read
 .text.CAN_Write
                0x000010b4      0x102 src/can.o
                0x000010b4                CAN_Write
 .text.gpio_register_pin
                0x000011b6      0x1ea src/gpio.o
                0x000011b6                gpio_register_pin
 .text.list_add
                0x000013a0       0x36 src/gpio.o
 .text.__list_add
                0x000013d6       0x5c src/gpio.o
 .text.__gpio_read_pin
                0x00001432       0x60 src/gpio.o
 .text.gpio_read_pin
                0x00001492      0x100 src/gpio.o
                0x00001492                gpio_read_pin
 .text.gpio_debouncer
                0x00001592       0xac src/gpio.o
                0x00001592                gpio_debouncer
 .text.odometry_set_speed
                0x0000163e      0x12a src/odometry.o
                0x0000163e                odometry_set_speed
 .text.odometry_query_position
                0x00001768      0x174 src/odometry.o
 .text.odometry_wait_until_done
                0x000018dc       0x76 src/odometry.o
 .text.odometry_move_straight
                0x00001952      0x144 src/odometry.o
                0x00001952                odometry_move_straight
 .text.timer_register_callback
                0x00001a96       0x24 src/system.o
                0x00001a96                timer_register_callback
 .text.timer_init
                0x00001aba       0x8c src/system.o
                0x00001aba                timer_init
 .text.__vector_12
                0x00001b46       0xbc src/system.o
                0x00001b46                __vector_12
 .text.system_reset_system_time
                0x00001c02       0x1e src/system.o
                0x00001c02                system_reset_system_time
 .text.system_set_match_started
                0x00001c20       0x14 src/system.o
                0x00001c20                system_set_match_started
 .text.system_get_system_time
                0x00001c34       0x22 src/system.o
                0x00001c34                system_get_system_time
 .text.system_init
                0x00001c56      0x260 src/system.o
                0x00001c56                system_init
 .text.__vector_23
                0x00001eb6       0x82 src/uart.o
                0x00001eb6                __vector_23
 .text.__vector_21
                0x00001f38       0x90 src/uart.o
                0x00001f38                __vector_21
 .text.__vector_34
                0x00001fc8       0x82 src/uart.o
                0x00001fc8                __vector_34
 .text.__vector_32
                0x0000204a       0x90 src/uart.o
                0x0000204a                __vector_32
 .text.avr-libc.fplib
                0x000020da        0xa c:/winavr-20100110/bin/../lib/gcc/avr/4.3.3/../../../../avr/lib/avr51\libm.a(addsf3.o)
                0x000020da                __subsf3
                0x000020dc                __addsf3
 .text.avr-libc.fplib
                0x000020e4       0xc0 c:/winavr-20100110/bin/../lib/gcc/avr/4.3.3/../../../../avr/lib/avr51\libm.a(addsf3x.o)
                0x000020fe                __addsf3x
 .text.avr-libc.fplib
                0x000021a4        0x8 c:/winavr-20100110/bin/../lib/gcc/avr/4.3.3/../../../../avr/lib/avr51\libm.a(cmpsf2.o)
                0x000021a4                __lesf2
                0x000021a4                __nesf2
                0x000021a4                __eqsf2
                0x000021a4                __cmpsf2
                0x000021a4                __ltsf2
 .text.avr-libc.fplib
                0x000021ac        0x4 c:/winavr-20100110/bin/../lib/gcc/avr/4.3.3/../../../../avr/lib/avr51\libm.a(divsf3.o)
                0x000021ac                __divsf3
 .text.avr-libc.fplib
                0x000021b0       0xcc c:/winavr-20100110/bin/../lib/gcc/avr/4.3.3/../../../../avr/lib/avr51\libm.a(divsf3x.o)
                0x000021c6                __divsf3x
                0x000021ca                __divsf3_pse
 .text.avr-libc.fplib
                0x0000227c        0xa c:/winavr-20100110/bin/../lib/gcc/avr/4.3.3/../../../../avr/lib/avr51\libm.a(fixsfsi.o)
                0x0000227c                __fixsfsi
 .text.avr-libc.fplib
                0x00002286       0x58 c:/winavr-20100110/bin/../lib/gcc/avr/4.3.3/../../../../avr/lib/avr51\libm.a(fixunssfsi.o)
                0x00002286                __fixunssfsi
 .text.avr-libc.fplib
                0x000022de       0x7a c:/winavr-20100110/bin/../lib/gcc/avr/4.3.3/../../../../avr/lib/avr51\libm.a(floatsisf.o)
                0x000022e2                __floatsisf
                0x000022de                __floatunsisf
 .text.avr-libc.fplib
                0x00002358       0x48 c:/winavr-20100110/bin/../lib/gcc/avr/4.3.3/../../../../avr/lib/avr51\libm.a(fp_cmp.o)
                0x00002358                __fp_cmp
 .text.avr-libc.fplib
                0x000023a0        0xc c:/winavr-20100110/bin/../lib/gcc/avr/4.3.3/../../../../avr/lib/avr51\libm.a(fp_inf.o)
                0x000023a0                __fp_inf
 .text.avr-libc.fplib
                0x000023ac        0x6 c:/winavr-20100110/bin/../lib/gcc/avr/4.3.3/../../../../avr/lib/avr51\libm.a(fp_nan.o)
                0x000023ac                __fp_nan
 .text.avr-libc.fplib
                0x000023b2        0xe c:/winavr-20100110/bin/../lib/gcc/avr/4.3.3/../../../../avr/lib/avr51\libm.a(fp_pscA.o)
                0x000023b2                __fp_pscA
 .text.avr-libc.fplib
                0x000023c0        0xe c:/winavr-20100110/bin/../lib/gcc/avr/4.3.3/../../../../avr/lib/avr51\libm.a(fp_pscB.o)
                0x000023c0                __fp_pscB
 .text.avr-libc.fplib
                0x000023ce       0x22 c:/winavr-20100110/bin/../lib/gcc/avr/4.3.3/../../../../avr/lib/avr51\libm.a(fp_round.o)
                0x000023ce                __fp_round
 .text.avr-libc.fplib
                0x000023f0       0x44 c:/winavr-20100110/bin/../lib/gcc/avr/4.3.3/../../../../avr/lib/avr51\libm.a(fp_split3.o)
                0x000023f0                __fp_split3
                0x00002400                __fp_splitA
 .text.avr-libc.fplib
                0x00002434        0xe c:/winavr-20100110/bin/../lib/gcc/avr/4.3.3/../../../../avr/lib/avr51\libm.a(fp_zero.o)
                0x00002434                __fp_zero
                0x00002436                __fp_szero
 .text.avr-libc.fplib
                0x00002442        0x8 c:/winavr-20100110/bin/../lib/gcc/avr/4.3.3/../../../../avr/lib/avr51\libm.a(gesf2.o)
                0x00002442                __gtsf2
                0x00002442                __gesf2
 .text.avr-libc.fplib
                0x0000244a        0x4 c:/winavr-20100110/bin/../lib/gcc/avr/4.3.3/../../../../avr/lib/avr51\libm.a(mulsf3.o)
                0x0000244a                __mulsf3
 .text.avr-libc.fplib
                0x0000244e       0xc2 c:/winavr-20100110/bin/../lib/gcc/avr/4.3.3/../../../../avr/lib/avr51\libm.a(mulsf3x.o)
                0x00002466                __mulsf3_pse
                0x00002462                __mulsf3x
 .text.avr-libc
                0x00002510       0x34 c:/winavr-20100110/bin/../lib/gcc/avr/4.3.3/../../../../avr/lib/avr51\libc.a(calloc.o)
                0x00002510                calloc
 .text.avr-libc
                0x00002544      0x20a c:/winavr-20100110/bin/../lib/gcc/avr/4.3.3/../../../../avr/lib/avr51\libc.a(malloc.o)
                0x00002544                malloc
                0x0000269e                free
 .text.avr-libc
                0x0000274e        0xe c:/winavr-20100110/bin/../lib/gcc/avr/4.3.3/../../../../avr/lib/avr51\libc.a(memset.o)
                0x0000274e                memset
                0x0000275c                . = ALIGN (0x2)
 *(.fini9)
 .fini9         0x0000275c        0x0 c:/winavr-20100110/bin/../lib/gcc/avr/4.3.3/avr51\libgcc.a(_exit.o)
                0x0000275c                exit
                0x0000275c                _exit
 *(.fini9)
 *(.fini8)
 *(.fini8)
 *(.fini7)
 *(.fini7)
 *(.fini6)
 *(.fini6)
 *(.fini5)
 *(.fini5)
 *(.fini4)
 *(.fini4)
 *(.fini3)
 *(.fini3)
 *(.fini2)
 *(.fini2)
 *(.fini1)
 *(.fini1)
 *(.fini0)
 .fini0         0x0000275c        0x4 c:/winavr-20100110/bin/../lib/gcc/avr/4.3.3/avr51\libgcc.a(_exit.o)
 *(.fini0)
                0x00002760                _etext = .

.data           0x00800100       0x12 load address 0x00002760
                0x00800100                PROVIDE (__data_start, .)
 *(.data)
 .data          0x00800100        0x6 c:/winavr-20100110/bin/../lib/gcc/avr/4.3.3/../../../../avr/lib/avr51\libc.a(malloc.o)
                0x00800102                __malloc_heap_start
                0x00800104                __malloc_heap_end
                0x00800100                __malloc_margin
 *(.data*)
 .data.gpio_inputs
                0x00800106        0x4 src/gpio.o
                0x00800106                gpio_inputs
 .data.position
                0x0080010a        0x7 src/odometry.o
                0x0080010a                position
 *(.rodata)
 *(.rodata*)
 *(.gnu.linkonce.d*)
                0x00800112                . = ALIGN (0x2)
 *fill*         0x00800111        0x1 00
                0x00800112                _edata = .
                0x00800112                PROVIDE (__data_end, .)

.bss            0x00800112      0x148
                0x00800112                PROVIDE (__bss_start, .)
 *(.bss)
 *(.bss*)
 .bss.rxBuffers
                0x00800112       0x14 src/can.o
 .bss.rxWrIndex
                0x00800126        0xa src/can.o
 .bss.rxRdIndex
                0x00800130        0xa src/can.o
 .bss.rxCounter
                0x0080013a        0xa src/can.o
 .bss.count.1609
                0x00800144        0x2 src/gpio.o
 .bss.current_speed
                0x00800146        0x1 src/odometry.o
 .bss.timer_callback
                0x00800147        0x2 src/system.o
 .bss.sys_time  0x00800149        0x4 src/system.o
 .bss.match_started
                0x0080014d        0x1 src/system.o
 .bss.tx0_counter
                0x0080014e        0x1 src/uart.o
 .bss.tx0_rd_index
                0x0080014f        0x1 src/uart.o
 .bss.rx0_wr_index
                0x00800150        0x1 src/uart.o
 .bss.rx0_counter
                0x00800151        0x1 src/uart.o
 .bss.tx1_counter
                0x00800152        0x1 src/uart.o
 .bss.tx1_rd_index
                0x00800153        0x1 src/uart.o
 .bss.rx1_wr_index
                0x00800154        0x1 src/uart.o
 .bss.rx1_counter
                0x00800155        0x1 src/uart.o
 .bss.tx0_buffer
                0x00800156       0x40 src/uart.o
 .bss.rx0_buffer
                0x00800196       0x40 src/uart.o
 .bss.tx1_buffer
                0x008001d6       0x40 src/uart.o
 .bss.rx1_buffer
                0x00800216       0x40 src/uart.o
 *(COMMON)
 COMMON         0x00800256        0x4 c:/winavr-20100110/bin/../lib/gcc/avr/4.3.3/../../../../avr/lib/avr51\libc.a(malloc.o)
                0x00800256                __brkval
                0x00800258                __flp
                0x0080025a                PROVIDE (__bss_end, .)
                0x00002760                __data_load_start = LOADADDR (.data)
                0x00002772                __data_load_end = (__data_load_start + SIZEOF (.data))

.noinit         0x0080025a        0x0
                0x0080025a                PROVIDE (__noinit_start, .)
 *(.noinit*)
                0x0080025a                PROVIDE (__noinit_end, .)
                0x0080025a                _end = .
                0x0080025a                PROVIDE (__heap_start, .)

.eeprom         0x00810000        0x0
 *(.eeprom*)
                0x00810000                __eeprom_end = .

.fuse
 *(.fuse)
 *(.lfuse)
 *(.hfuse)
 *(.efuse)

.lock
 *(.lock*)

.signature
 *(.signature*)

.stab
 *(.stab)

.stabstr
 *(.stabstr)

.stab.excl
 *(.stab.excl)

.stab.exclstr
 *(.stab.exclstr)

.stab.index
 *(.stab.index)

.stab.indexstr
 *(.stab.indexstr)

.comment
 *(.comment)

.debug
 *(.debug)

.line
 *(.line)

.debug_srcinfo
 *(.debug_srcinfo)

.debug_sfnames
 *(.debug_sfnames)

.debug_aranges  0x00000000      0x338
 *(.debug_aranges)
 .debug_aranges
                0x00000000       0x20 main.o
 .debug_aranges
                0x00000020       0x78 src/actuators.o
 .debug_aranges
                0x00000098       0x50 src/can.o
 .debug_aranges
                0x000000e8       0x50 src/gpio.o
 .debug_aranges
                0x00000138       0x50 src/greenside.o
 .debug_aranges
                0x00000188       0x80 src/odometry.o
 .debug_aranges
                0x00000208       0x50 src/purpleside.o
 .debug_aranges
                0x00000258       0x68 src/system.o
 .debug_aranges
                0x000002c0       0x78 src/uart.o

.debug_pubnames
                0x00000000      0x892
 *(.debug_pubnames)
 .debug_pubnames
                0x00000000       0x3b main.o
 .debug_pubnames
                0x0000003b      0x127 src/actuators.o
 .debug_pubnames
                0x00000162       0x5a src/can.o
 .debug_pubnames
                0x000001bc       0x79 src/gpio.o
 .debug_pubnames
                0x00000235      0x1a4 src/greenside.o
 .debug_pubnames
                0x000003d9      0x127 src/odometry.o
 .debug_pubnames
                0x00000500      0x19a src/purpleside.o
 .debug_pubnames
                0x0000069a      0x127 src/system.o
 .debug_pubnames
                0x000007c1       0xd1 src/uart.o

.debug_info     0x00000000     0x2188
 *(.debug_info)
 .debug_info    0x00000000      0x14b main.o
 .debug_info    0x0000014b      0x423 src/actuators.o
 .debug_info    0x0000056e      0x2cf src/can.o
 .debug_info    0x0000083d      0x414 src/gpio.o
 .debug_info    0x00000c51      0x451 src/greenside.o
 .debug_info    0x000010a2      0x6e5 src/odometry.o
 .debug_info    0x00001787      0x33c src/purpleside.o
 .debug_info    0x00001ac3      0x330 src/system.o
 .debug_info    0x00001df3      0x395 src/uart.o
 *(.gnu.linkonce.wi.*)

.debug_abbrev   0x00000000      0xa7c
 *(.debug_abbrev)
 .debug_abbrev  0x00000000       0xbc main.o
 .debug_abbrev  0x000000bc      0x115 src/actuators.o
 .debug_abbrev  0x000001d1       0xef src/can.o
 .debug_abbrev  0x000002c0      0x157 src/gpio.o
 .debug_abbrev  0x00000417      0x16e src/greenside.o
 .debug_abbrev  0x00000585      0x1ba src/odometry.o
 .debug_abbrev  0x0000073f      0x102 src/purpleside.o
 .debug_abbrev  0x00000841      0x162 src/system.o
 .debug_abbrev  0x000009a3       0xd9 src/uart.o

.debug_line     0x00000000     0x25b0
 *(.debug_line)
 .debug_line    0x00000000      0x183 main.o
 .debug_line    0x00000183      0x51c src/actuators.o
 .debug_line    0x0000069f      0x3fa src/can.o
 .debug_line    0x00000a99      0x2fd src/gpio.o
 .debug_line    0x00000d96      0x47f src/greenside.o
 .debug_line    0x00001215      0x7c7 src/odometry.o
 .debug_line    0x000019dc      0x330 src/purpleside.o
 .debug_line    0x00001d0c      0x477 src/system.o
 .debug_line    0x00002183      0x42d src/uart.o

.debug_frame    0x00000000      0x550
 *(.debug_frame)
 .debug_frame   0x00000000       0x20 main.o
 .debug_frame   0x00000020       0xd0 src/actuators.o
 .debug_frame   0x000000f0       0x80 src/can.o
 .debug_frame   0x00000170       0x80 src/gpio.o
 .debug_frame   0x000001f0       0x80 src/greenside.o
 .debug_frame   0x00000270       0xe0 src/odometry.o
 .debug_frame   0x00000350       0x80 src/purpleside.o
 .debug_frame   0x000003d0       0xb0 src/system.o
 .debug_frame   0x00000480       0xd0 src/uart.o

.debug_str      0x00000000      0xb2c
 *(.debug_str)
 .debug_str     0x00000000       0xdf main.o
                                0x118 (size before relaxing)
 .debug_str     0x000000df      0x14f src/actuators.o
                                0x266 (size before relaxing)
 .debug_str     0x0000022e       0xd1 src/can.o
                                0x184 (size before relaxing)
 .debug_str     0x000002ff      0x107 src/gpio.o
                                0x1c1 (size before relaxing)
 .debug_str     0x00000406      0x1d7 src/greenside.o
                                0x31a (size before relaxing)
 .debug_str     0x000005dd      0x159 src/odometry.o
                                0x2cc (size before relaxing)
 .debug_str     0x00000736      0x14c src/purpleside.o
                                0x2d2 (size before relaxing)
 .debug_str     0x00000882      0x109 src/system.o
                                0x238 (size before relaxing)
 .debug_str     0x0000098b      0x1a1 src/uart.o
                                0x22a (size before relaxing)

.debug_loc
 *(.debug_loc)

.debug_macinfo
 *(.debug_macinfo)
OUTPUT(malo_govno.elf elf32-avr)
LOAD linker stubs

.debug_ranges   0x00000000      0x2f0
 .debug_ranges  0x00000000       0x18 main.o
 .debug_ranges  0x00000018       0x70 src/actuators.o
 .debug_ranges  0x00000088       0x48 src/can.o
 .debug_ranges  0x000000d0       0x48 src/gpio.o
 .debug_ranges  0x00000118       0x48 src/greenside.o
 .debug_ranges  0x00000160       0x78 src/odometry.o
 .debug_ranges  0x000001d8       0x48 src/purpleside.o
 .debug_ranges  0x00000220       0x60 src/system.o
 .debug_ranges  0x00000280       0x70 src/uart.o
